vite v8.0.16 building ssr environment for production...

transforming...✓ 1185 modules transformed.
rendering chunks...
../../../../../../../../../../../tmp/unit09-tui-before-dist/chunks/public-BcHoLiBa.js                          0.04 kB
../../../../../../../../../../../tmp/unit09-tui-before-dist/chunks/agentSessions-DypUP_e6.js                   0.05 kB
../../../../../../../../../../../tmp/unit09-tui-before-dist/chunks/public-B2B2EFjd.js                          0.08 kB
../../../../../../../../../../../tmp/unit09-tui-before-dist/chunks/state-D5vDLK85.js                           0.08 kB
../../../../../../../../../../../tmp/unit09-tui-before-dist/chunks/RemoteTree-BRY7jqhE.js                      0.08 kB
../../../../../../../../../../../tmp/unit09-tui-before-dist/chunks/bindings-DtAWMJfU.js                        0.08 kB
../../../../../../../../../../../tmp/unit09-tui-before-dist/chunks/router-DZ2jCSGQ.js                          0.08 kB
../../../../../../../../../../../tmp/unit09-tui-before-dist/chunks/install-CEdOsr49.js                         0.08 kB
../../../../../../../../../../../tmp/unit09-tui-before-dist/chunks/regions-CYgY4oDv.js                         0.08 kB
../../../../../../../../../../../tmp/unit09-tui-before-dist/chunks/deliver-ACCIT99D.js                         0.08 kB
../../../../../../../../../../../tmp/unit09-tui-before-dist/chunks/public-BjROlNwm.js                          0.08 kB
../../../../../../../../../../../tmp/unit09-tui-before-dist/chunks/panes-DG6aFDfh.js                           0.09 kB
../../../../../../../../../../../tmp/unit09-tui-before-dist/chunks/settingsStore-CHj29Obt.js                   0.09 kB
../../../../../../../../../../../tmp/unit09-tui-before-dist/chunks/state-cBCoVoe0.js                           0.09 kB
../../../../../../../../../../../tmp/unit09-tui-before-dist/chunks/build-A3-_JCZD.js                           0.09 kB
../../../../../../../../../../../tmp/unit09-tui-before-dist/chunks/filePrompt-CGoAEaMR.js                      0.09 kB
../../../../../../../../../../../tmp/unit09-tui-before-dist/chunks/promotionStore-BUoXjMpf.js                  0.09 kB
../../../../../../../../../../../tmp/unit09-tui-before-dist/chunks/reload-CFj_cHnW.js                          0.09 kB
../../../../../../../../../../../tmp/unit09-tui-before-dist/chunks/annotations-PQjtu1Cm.js                     0.09 kB
../../../../../../../../../../../tmp/unit09-tui-before-dist/chunks/collection-D5QLvmlA.js                      0.09 kB
../../../../../../../../../../../tmp/unit09-tui-before-dist/chunks/recovery-NnJZBIrW.js                        0.09 kB
../../../../../../../../../../../tmp/unit09-tui-before-dist/chunks/activate-DkuG7FpH.js                        0.09 kB
../../../../../../../../../../../tmp/unit09-tui-before-dist/chunks/emitter-Dk3AwDsp.js                         0.10 kB
../../../../../../../../../../../tmp/unit09-tui-before-dist/chunks/confirmStore-BKELxg_Q.js                    0.10 kB
../../../../../../../../../../../tmp/unit09-tui-before-dist/chunks/renderer-D12fTeso.js                        0.10 kB
../../../../../../../../../../../tmp/unit09-tui-before-dist/chunks/WorkflowEditor-ShanqZTk.js                  0.10 kB
../../../../../../../../../../../tmp/unit09-tui-before-dist/chunks/public-n96pCJnm.js                          0.10 kB
../../../../../../../../../../../tmp/unit09-tui-before-dist/chunks/iconNodes-BjCLaas7.js                       0.10 kB
../../../../../../../../../../../tmp/unit09-tui-before-dist/chunks/iconNodes-phx_Zws7.js                       0.10 kB
../../../../../../../../../../../tmp/unit09-tui-before-dist/chunks/public-Bbe3NkQE.js                          0.10 kB
../../../../../../../../../../../tmp/unit09-tui-before-dist/chunks/deviceConfigSync-Bty0soUu.js                0.11 kB
../../../../../../../../../../../tmp/unit09-tui-before-dist/chunks/solid-PKeO6-YY.js                           0.11 kB
../../../../../../../../../../../tmp/unit09-tui-before-dist/chunks/AgentConversation-9Vrees-e.js               0.11 kB
../../../../../../../../../../../tmp/unit09-tui-before-dist/chunks/public-T-sf6W8d.js                          0.11 kB
../../../../../../../../../../../tmp/unit09-tui-before-dist/chunks/settingsPages-2JXbNf_h.js                   0.11 kB
../../../../../../../../../../../tmp/unit09-tui-before-dist/chunks/shiki-DfWAiezN.js                           0.11 kB
../../../../../../../../../../../tmp/unit09-tui-before-dist/chunks/public-P1h4aooI.js                          0.12 kB
../../../../../../../../../../../tmp/unit09-tui-before-dist/chunks/baseline-BtYkMWvN.js                        0.12 kB
../../../../../../../../../../../tmp/unit09-tui-before-dist/chunks/activeNode-DP2kM9M4.js                      0.13 kB
../../../../../../../../../../../tmp/unit09-tui-before-dist/chunks/nodeState-DhM5SOTd.js                       0.13 kB
../../../../../../../../../../../tmp/unit09-tui-before-dist/chunks/notes-CaVgzPnY.js                           0.13 kB
../../../../../../../../../../../tmp/unit09-tui-before-dist/chunks/fleet-Cx854IoE.js                           0.14 kB
../../../../../../../../../../../tmp/unit09-tui-before-dist/chunks/appearance-3hE99MWV.js                      0.15 kB
../../../../../../../../../../../tmp/unit09-tui-before-dist/chunks/distribution-B3YEn8gH.js                    0.15 kB
../../../../../../../../../../../tmp/unit09-tui-before-dist/chunks/trustPromptLoader-B2DJFAV2.js               0.16 kB
../../../../../../../../../../../tmp/unit09-tui-before-dist/chunks/segmentCaches-BPq8pW9V.js                   0.16 kB
../../../../../../../../../../../tmp/unit09-tui-before-dist/chunks/tasks-DKrUemKo.js                           0.16 kB
../../../../../../../../../../../tmp/unit09-tui-before-dist/chunks/draftStore-CzmhZxI4.js                      0.18 kB
../../../../../../../../../../../tmp/unit09-tui-before-dist/chunks/DiffRows-DdaviyEU.js                        0.18 kB
../../../../../../../../../../../tmp/unit09-tui-before-dist/chunks/PluginFrame-DlypbJOM.js                     0.18 kB
../../../../../../../../../../../tmp/unit09-tui-before-dist/chunks/ModelBackendPicker-BUu9uRep.js              0.20 kB
../../../../../../../../../../../tmp/unit09-tui-before-dist/chunks/nodeStats-tRS1slzG.js                       0.22 kB
../../../../../../../../../../../tmp/unit09-tui-before-dist/chunks/wordDiff.worker-ByGcgxMh.js                 0.25 kB
../../../../../../../../../../../tmp/unit09-tui-before-dist/chunks/conversation-CIyKNABO.js                    0.25 kB
../../../../../../../../../../../tmp/unit09-tui-before-dist/chunks/trustPromptLoader-HyR-T4wm.js               0.25 kB
../../../../../../../../../../../tmp/unit09-tui-before-dist/chunks/highlighter.worker-CZqH6VfT.js              0.25 kB
../../../../../../../../../../../tmp/unit09-tui-before-dist/chunks/integrationFlows-C2tpMgTW.js                0.25 kB
../../../../../../../../../../../tmp/unit09-tui-before-dist/chunks/annotationKey-uIDfMDpm.js                   0.27 kB
../../../../../../../../../../../tmp/unit09-tui-before-dist/chunks/documentSurface-C4cQeQnl.js                 0.28 kB
../../../../../../../../../../../tmp/unit09-tui-before-dist/chunks/schedules-DzIPsxvM.js                       0.29 kB
../../../../../../../../../../../tmp/unit09-tui-before-dist/chunks/workTelemetry-vlgNQqnu.js                   0.29 kB
../../../../../../../../../../../tmp/unit09-tui-before-dist/chunks/model-b3744w63.js                           0.30 kB
../../../../../../../../../../../tmp/unit09-tui-before-dist/chunks/public-CV3aqH-H.js                          0.30 kB
../../../../../../../../../../../tmp/unit09-tui-before-dist/chunks/shiki-BHgeG11M.js                           0.31 kB
../../../../../../../../../../../tmp/unit09-tui-before-dist/chunks/latestOnly-CyyBfxFn.js                      0.31 kB
../../../../../../../../../../../tmp/unit09-tui-before-dist/chunks/activeWorkspace-DlFRAJaE.js                 0.32 kB
../../../../../../../../../../../tmp/unit09-tui-before-dist/chunks/toolTone-N5ToloOK.js                        0.34 kB
../../../../../../../../../../../tmp/unit09-tui-before-dist/chunks/configTrust-F4DimxAV.js                     0.35 kB
../../../../../../../../../../../tmp/unit09-tui-before-dist/chunks/styles-CaALjpVZ.js                          0.36 kB
../../../../../../../../../../../tmp/unit09-tui-before-dist/chunks/api-BvJqM1GS.js                             0.38 kB
../../../../../../../../../../../tmp/unit09-tui-before-dist/chunks/api-OL8A7pym.js                             0.40 kB
../../../../../../../../../../../tmp/unit09-tui-before-dist/chunks/defaultBranch-BVriW5r2.js                   0.41 kB
../../../../../../../../../../../tmp/unit09-tui-before-dist/chunks/sourcePanel-DchABOvJ.js                     0.44 kB
../../../../../../../../../../../tmp/unit09-tui-before-dist/chunks/table-DUBMZF46.js                           0.45 kB
../../../../../../../../../../../tmp/unit09-tui-before-dist/chunks/table-DozAY7tn.js                           0.45 kB
../../../../../../../../../../../tmp/unit09-tui-before-dist/chunks/extendedPane-BLKIZDwR.js                    0.45 kB
../../../../../../../../../../../tmp/unit09-tui-before-dist/chunks/bell-Bvzf5KQN.js                            0.45 kB
../../../../../../../../../../../tmp/unit09-tui-before-dist/chunks/inlineDiff-Bzr0Z-5V.js                      0.47 kB
../../../../../../../../../../../tmp/unit09-tui-before-dist/chunks/preferences-CPj7Gcp_.js                     0.53 kB
../../../../../../../../../../../tmp/unit09-tui-before-dist/chunks/taskMutations-D8EF4k_o.js                   0.53 kB
../../../../../../../../../../../tmp/unit09-tui-before-dist/chunks/corePaths-CrJ-VIPL.js                       0.55 kB
../../../../../../../../../../../tmp/unit09-tui-before-dist/chunks/post-BG5rmTBG.js                            0.56 kB
../../../../../../../../../../../tmp/unit09-tui-before-dist/chunks/attention-OAdL9I82.js                       0.58 kB
../../../../../../../../../../../tmp/unit09-tui-before-dist/chunks/debounce-CnytVvuw.js                        0.60 kB
../../../../../../../../../../../tmp/unit09-tui-before-dist/chunks/promotionStore-DU7z1bX3.js                  0.62 kB
../../../../../../../../../../../tmp/unit09-tui-before-dist/chunks/clientRoutes-CsYokruW.js                    0.63 kB
../../../../../../../../../../../tmp/unit09-tui-before-dist/chunks/relativeTime-13YnVM-w.js                    0.63 kB
../../../../../../../../../../../tmp/unit09-tui-before-dist/chunks/projectImporters-CooxiOG-.js                0.63 kB
../../../../../../../../../../../tmp/unit09-tui-before-dist/chunks/ProviderGlyph-h2FGBkfb.js                   0.69 kB
../../../../../../../../../../../tmp/unit09-tui-before-dist/chunks/state-CaAx2T-h.js                           0.71 kB
../../../../../../../../../../../tmp/unit09-tui-before-dist/chunks/watchTaskChanges-DbdWVvtZ.js                0.73 kB
../../../../../../../../../../../tmp/unit09-tui-before-dist/chunks/confirm-LIxDJCrv.js                         0.73 kB
../../../../../../../../../../../tmp/unit09-tui-before-dist/chunks/pty-DXq9t7CP.js                             0.75 kB
../../../../../../../../../../../tmp/unit09-tui-before-dist/chunks/recovery-5Q_IIqfL.js                        0.75 kB
../../../../../../../../../../../tmp/unit09-tui-before-dist/chunks/rowTargets-MgkllniL.js                      0.77 kB
../../../../../../../../../../../tmp/unit09-tui-before-dist/chunks/dashboard-views-BjNlITjF.js                 0.78 kB
../../../../../../../../../../../tmp/unit09-tui-before-dist/chunks/public-ClVy_AvU.js                          0.80 kB
../../../../../../../../../../../tmp/unit09-tui-before-dist/chunks/surfaceFailures-BXEP84eR.js                 0.80 kB
../../../../../../../../../../../tmp/unit09-tui-before-dist/chunks/confirmStore-BXtNMkek.js                    0.83 kB
../../../../../../../../../../../tmp/unit09-tui-before-dist/chunks/branch-LwsFqus8.js                          0.84 kB
../../../../../../../../../../../tmp/unit09-tui-before-dist/chunks/cache-DfNBypsB.js                           0.85 kB
../../../../../../../../../../../tmp/unit09-tui-before-dist/chunks/clientCapabilities-B1Kkb6O1.js              0.88 kB
../../../../../../../../../../../tmp/unit09-tui-before-dist/chunks/proposalTarget-Bn014WH5.js                  0.88 kB
../../../../../../../../../../../tmp/unit09-tui-before-dist/chunks/RowActions-Dlk0XBW9.js                      0.90 kB
../../../../../../../../../../../tmp/unit09-tui-before-dist/chunks/draft-DXsJmTNY.js                           0.90 kB
../../../../../../../../../../../tmp/unit09-tui-before-dist/chunks/sessionsClient-76suFn97.js                  0.92 kB
../../../../../../../../../../../tmp/unit09-tui-before-dist/chunks/agentActivity-Bha5MAVw.js                   0.94 kB
../../../../../../../../../../../tmp/unit09-tui-before-dist/chunks/ws-BVXwinOt.js                              0.95 kB
../../../../../../../../../../../tmp/unit09-tui-before-dist/chunks/remoteSourceRegion-MXsXCnG1.js              0.95 kB
../../../../../../../../../../../tmp/unit09-tui-before-dist/chunks/completeness-BkARGg3i.js                    0.96 kB
../../../../../../../../../../../tmp/unit09-tui-before-dist/chunks/formatSize-CHXiOzBa.js                      0.97 kB
../../../../../../../../../../../tmp/unit09-tui-before-dist/chunks/watchProjectChanges-X-7esE4K.js             0.98 kB
../../../../../../../../../../../tmp/unit09-tui-before-dist/chunks/activate-DO7By3bF.js                        0.99 kB
../../../../../../../../../../../tmp/unit09-tui-before-dist/chunks/watchNodeEvents-CyfgyXuW.js                 0.99 kB
../../../../../../../../../../../tmp/unit09-tui-before-dist/chunks/deviceStorage-Df_11RIT.js                   1.01 kB
../../../../../../../../../../../tmp/unit09-tui-before-dist/chunks/EditorTerminal-DWT5o2gE.js                  1.01 kB
../../../../../../../../../../../tmp/unit09-tui-before-dist/chunks/public-Bpw673Ye.js                          1.03 kB
../../../../../../../../../../../tmp/unit09-tui-before-dist/chunks/savedSignal-BJoEh5Ua.js                     1.04 kB
../../../../../../../../../../../tmp/unit09-tui-before-dist/chunks/filePrompt-BdPQpgUl.js                      1.06 kB
../../../../../../../../../../../tmp/unit09-tui-before-dist/chunks/wsChannels-BaAOpUsl.js                      1.06 kB
../../../../../../../../../../../tmp/unit09-tui-before-dist/chunks/draftState-C0_ywjRM.js                      1.06 kB
../../../../../../../../../../../tmp/unit09-tui-before-dist/chunks/brandMarks-lj4i7_oU.js                      1.06 kB
../../../../../../../../../../../tmp/unit09-tui-before-dist/chunks/api-D4HqkP-u.js                             1.07 kB
../../../../../../../../../../../tmp/unit09-tui-before-dist/chunks/DockerFooterBadge-DRF5JALm.js               1.07 kB
../../../../../../../../../../../tmp/unit09-tui-before-dist/chunks/shiki-wJDL-p4b.js                           1.08 kB
../../../../../../../../../../../tmp/unit09-tui-before-dist/chunks/formatChord-CvEmAmSO.js                     1.13 kB
../../../../../../../../../../../tmp/unit09-tui-before-dist/chunks/metrics-Bmc5L_3V.js                         1.14 kB
../../../../../../../../../../../tmp/unit09-tui-before-dist/chunks/pullRef-BkbpNMUJ.js                         1.14 kB
../../../../../../../../../../../tmp/unit09-tui-before-dist/chunks/registry-BSkteWI4.js                        1.14 kB
../../../../../../../../../../../tmp/unit09-tui-before-dist/chunks/public-DriPcW43.js                          1.14 kB
../../../../../../../../../../../tmp/unit09-tui-before-dist/chunks/wsChannel-DNQLBhb1.js                       1.15 kB
../../../../../../../../../../../tmp/unit09-tui-before-dist/chunks/watchConnectionChanges-DdWaD08a.js          1.16 kB
../../../../../../../../../../../tmp/unit09-tui-before-dist/chunks/nodeState-DiKliM4T.js                       1.17 kB
../../../../../../../../../../../tmp/unit09-tui-before-dist/chunks/ui-C_9Qf0dD.js                              1.18 kB
../../../../../../../../../../../tmp/unit09-tui-before-dist/chunks/state-C4Alf9--.js                           1.20 kB
../../../../../../../../../../../tmp/unit09-tui-before-dist/chunks/AddedTally-C7iUFsd3.js                      1.21 kB
../../../../../../../../../../../tmp/unit09-tui-before-dist/chunks/externalUrl-BgiwoIui.js                     1.22 kB
../../../../../../../../../../../tmp/unit09-tui-before-dist/chunks/lastWorkspace-70D9oYEO.js                   1.24 kB
../../../../../../../../../../../tmp/unit09-tui-before-dist/chunks/watchWorkspaceChanges-iGXqmKfs.js           1.24 kB
../../../../../../../../../../../tmp/unit09-tui-before-dist/chunks/languageIds-ChoB1y3a.js                     1.26 kB
../../../../../../../../../../../tmp/unit09-tui-before-dist/chunks/changedFiles-BkXw2i4E.js                    1.29 kB
../../../../../../../../../../../tmp/unit09-tui-before-dist/chunks/hostClient-CXZPDVe2.js                      1.35 kB
../../../../../../../../../../../tmp/unit09-tui-before-dist/chunks/RuntimeStateIcon-D7PHIy1F.js                1.38 kB
../../../../../../../../../../../tmp/unit09-tui-before-dist/chunks/Text-B2S6UZfo.js                            1.38 kB
../../../../../../../../../../../tmp/unit09-tui-before-dist/chunks/public-_gfq-qag.js                          1.41 kB
../../../../../../../../../../../tmp/unit09-tui-before-dist/chunks/pluginLabel-Df4lXbSe.js                     1.43 kB
../../../../../../../../../../../tmp/unit09-tui-before-dist/chunks/modelProviders-CSvsKq7N.js                  1.45 kB
../../../../../../../../../../../tmp/unit09-tui-before-dist/chunks/uiStyles-C3iPZEtj.js                        1.50 kB
../../../../../../../../../../../tmp/unit09-tui-before-dist/chunks/codemirrorGrammars-UOxGDs98.js              1.54 kB
../../../../../../../../../../../tmp/unit09-tui-before-dist/chunks/topology-B4gCbClC.js                        1.56 kB
../../../../../../../../../../../tmp/unit09-tui-before-dist/chunks/lineContext-BdhgaQIy.js                     1.56 kB
../../../../../../../../../../../tmp/unit09-tui-before-dist/chunks/deviceConfigSync-DIbpsle-.js                1.60 kB
../../../../../../../../../../../tmp/unit09-tui-before-dist/chunks/collapseState-DCHTgTSo.js                   1.63 kB
../../../../../../../../../../../tmp/unit09-tui-before-dist/chunks/CopyButton-0f3rwqNr.js                      1.65 kB
../../../../../../../../../../../tmp/unit09-tui-before-dist/chunks/taskBridge-9jUJIikJ.js                      1.65 kB
../../../../../../../../../../../tmp/unit09-tui-before-dist/chunks/editor-4e6MOhvE.js                          1.65 kB
../../../../../../../../../../../tmp/unit09-tui-before-dist/chunks/concurrencyClient-DGYlnIKQ.js               1.70 kB
../../../../../../../../../../../tmp/unit09-tui-before-dist/chunks/appearance-DkAY6rI5.js                      1.71 kB
../../../../../../../../../../../tmp/unit09-tui-before-dist/chunks/scrollAuthor-dYfUSuhs.js                    1.72 kB
../../../../../../../../../../../tmp/unit09-tui-before-dist/chunks/PickerRow-BFXQR7pO.js                       1.72 kB
../../../../../../../../../../../tmp/unit09-tui-before-dist/chunks/IconButton-kA7Q2qVt.js                      1.78 kB
../../../../../../../../../../../tmp/unit09-tui-before-dist/chunks/ChromeBadge-EcYXib98.js                     1.87 kB
../../../../../../../../../../../tmp/unit09-tui-before-dist/chunks/filterStore-CqSUDsBK.js                     1.98 kB
../../../../../../../../../../../tmp/unit09-tui-before-dist/chunks/region-Bw8zScnz.js                          2.01 kB
../../../../../../../../../../../tmp/unit09-tui-before-dist/chunks/sessionSources-nu7zTlgZ.js                  2.06 kB
../../../../../../../../../../../tmp/unit09-tui-before-dist/chunks/dockerPrefs-D83vYMpV.js                     2.08 kB
../../../../../../../../../../../tmp/unit09-tui-before-dist/chunks/subagentDisplay-CUK6EVVD.js                 2.16 kB
../../../../../../../../../../../tmp/unit09-tui-before-dist/chunks/PluginOverlay-t71GM0GZ.js                   2.19 kB
../../../../../../../../../../../tmp/unit09-tui-before-dist/chunks/Rectangle-D8_bINMN.js                       2.19 kB
../../../../../../../../../../../tmp/unit09-tui-before-dist/chunks/queries-AJPkeJpu.js                         2.21 kB
../../../../../../../../../../../tmp/unit09-tui-before-dist/chunks/timelineWindow-C12QvKT1.js                  2.21 kB
../../../../../../../../../../../tmp/unit09-tui-before-dist/chunks/collection-BvlFNeaK.js                      2.22 kB
../../../../../../../../../../../tmp/unit09-tui-before-dist/chunks/settingsStore-D-50M9RT.js                   2.24 kB
../../../../../../../../../../../tmp/unit09-tui-before-dist/chunks/langs-Ct61UJXA.js                           2.31 kB
../../../../../../../../../../../tmp/unit09-tui-before-dist/chunks/surfacePath-CK8sFCYy.js                     2.35 kB
../../../../../../../../../../../tmp/unit09-tui-before-dist/chunks/displayMeta-CSq_d7iL.js                     2.36 kB
../../../../../../../../../../../tmp/unit09-tui-before-dist/chunks/stops-7S54CXAb.js                           2.36 kB
../../../../../../../../../../../tmp/unit09-tui-before-dist/chunks/documentModel-C_xJWsK6.js                   2.37 kB
../../../../../../../../../../../tmp/unit09-tui-before-dist/chunks/connectionAttention-aKCMox-i.js             2.37 kB
../../../../../../../../../../../tmp/unit09-tui-before-dist/chunks/startWorkflow-kf45R9Hx.js                   2.38 kB
../../../../../../../../../../../tmp/unit09-tui-before-dist/chunks/extensionPoints-C7hn3RO_.js                 2.38 kB
../../../../../../../../../../../tmp/unit09-tui-before-dist/chunks/queries-BpwQLNYp.js                         2.41 kB
../../../../../../../../../../../tmp/unit09-tui-before-dist/chunks/logger-2zCvDU7e.js                          2.43 kB
../../../../../../../../../../../tmp/unit09-tui-before-dist/chunks/ModelBackendPicker-DSNFkfpd.js              2.48 kB
../../../../../../../../../../../tmp/unit09-tui-before-dist/chunks/notifications-C6Cgt83s.js                   2.49 kB
../../../../../../../../../../../tmp/unit09-tui-before-dist/chunks/boot-B8pgRRRi.js                            2.51 kB
../../../../../../../../../../../tmp/unit09-tui-before-dist/chunks/extensionPoints-Bke1V4qw.js                 2.52 kB
../../../../../../../../../../../tmp/unit09-tui-before-dist/chunks/mutations-BId3vo1q.js                       2.54 kB
../../../../../../../../../../../tmp/unit09-tui-before-dist/chunks/OnboardingOverlay-DDWuxyPd.js               2.55 kB
../../../../../../../../../../../tmp/unit09-tui-before-dist/chunks/graphOrder-D541ik0A.js                      2.57 kB
../../../../../../../../../../../tmp/unit09-tui-before-dist/chunks/editorClient-BYIxhh9o.js                    2.60 kB
../../../../../../../../../../../tmp/unit09-tui-before-dist/chunks/themeColorTokens-NYj-4Vmu.js                2.65 kB
../../../../../../../../../../../tmp/unit09-tui-before-dist/chunks/mcpServers-qXXo5qhx.js                      2.66 kB
../../../../../../../../../../../tmp/unit09-tui-before-dist/chunks/ImagePreview-BCxLC4-g.js                    2.70 kB
../../../../../../../../../../../tmp/unit09-tui-before-dist/chunks/startFromItem-Co8K__fX.js                   2.71 kB
../../../../../../../../../../../tmp/unit09-tui-before-dist/chunks/runDisplay-BVyYKAw8.js                      2.71 kB
../../../../../../../../../../../tmp/unit09-tui-before-dist/chunks/source-CuA2EhTh.js                          2.88 kB
../../../../../../../../../../../tmp/unit09-tui-before-dist/chunks/overlays-Cdki7LKn.js                        2.89 kB
../../../../../../../../../../../tmp/unit09-tui-before-dist/chunks/refResolvers-D-JmHY7z.js                    2.93 kB
../../../../../../../../../../../tmp/unit09-tui-before-dist/chunks/generatePick-jzTkp0uR.js                    2.97 kB
../../../../../../../../../../../tmp/unit09-tui-before-dist/chunks/appearance-DywgITx7.js                      3.01 kB
../../../../../../../../../../../tmp/unit09-tui-before-dist/chunks/shiki-mSk47Soc.js                           3.05 kB
../../../../../../../../../../../tmp/unit09-tui-before-dist/chunks/customAgentsClient-DkXG8k6Z.js              3.06 kB
../../../../../../../../../../../tmp/unit09-tui-before-dist/chunks/sessionDefaultsClient-XwHt5oIV.js           3.18 kB
../../../../../../../../../../../tmp/unit09-tui-before-dist/chunks/dockerClient-CKSSjSCY.js                    3.19 kB
../../../../../../../../../../../tmp/unit09-tui-before-dist/chunks/pluginChannel-rv35z8yO.js                   3.24 kB
../../../../../../../../../../../tmp/unit09-tui-before-dist/chunks/editorState-C8VaUl43.js                     3.25 kB
../../../../../../../../../../../tmp/unit09-tui-before-dist/chunks/DockerSettings-Ds-AhBts.js                  3.30 kB
../../../../../../../../../../../tmp/unit09-tui-before-dist/chunks/DockerTaskPane-zfj3wmSq.js                  3.34 kB
../../../../../../../../../../../tmp/unit09-tui-before-dist/chunks/keybindings-BqJO33WD.js                     3.34 kB
../../../../../../../../../../../tmp/unit09-tui-before-dist/chunks/settingsPages-BnlXpvPU.js                   3.35 kB
../../../../../../../../../../../tmp/unit09-tui-before-dist/chunks/fixtureExtensions-BTx_3vAu.js               3.36 kB
../../../../../../../../../../../tmp/unit09-tui-before-dist/chunks/TerminalSettings-BCdCKSXF.js                3.37 kB
../../../../../../../../../../../tmp/unit09-tui-before-dist/chunks/DockerProjectSettings-C92upUx2.js           3.37 kB
../../../../../../../../../../../tmp/unit09-tui-before-dist/chunks/keyEvent-sixXzG6U.js                        3.41 kB
../../../../../../../../../../../tmp/unit09-tui-before-dist/chunks/ComparePreview-BaKsxZCU.js                  3.42 kB
../../../../../../../../../../../tmp/unit09-tui-before-dist/chunks/agentConfigOptions-CcZxa0ly.js              3.46 kB
../../../../../../../../../../../tmp/unit09-tui-before-dist/chunks/contentLinks-CmNWdpHM.js                    3.47 kB
../../../../../../../../../../../tmp/unit09-tui-before-dist/chunks/FindBar-CDzWRyIe.js                         3.48 kB
../../../../../../../../../../../tmp/unit09-tui-before-dist/chunks/channels-Dy2JS9Jz.js                        3.50 kB
../../../../../../../../../../../tmp/unit09-tui-before-dist/pluginWorker.js                                    3.56 kB
../../../../../../../../../../../tmp/unit09-tui-before-dist/chunks/surfaceHealth-DFX4I19O.js                   3.60 kB
../../../../../../../../../../../tmp/unit09-tui-before-dist/chunks/roles-B-hwGcVG.js                           3.69 kB
../../../../../../../../../../../tmp/unit09-tui-before-dist/chunks/WorkflowsSettings-CIvflBjb.js               3.85 kB
../../../../../../../../../../../tmp/unit09-tui-before-dist/chunks/sessionOrder-aP9zSVb3.js                    3.92 kB
../../../../../../../../../../../tmp/unit09-tui-before-dist/chunks/toolFoldPrefs-D_F4-C8h.js                   4.01 kB
../../../../../../../../../../../tmp/unit09-tui-before-dist/chunks/slots-C98t2lCS.js                           4.03 kB
../../../../../../../../../../../tmp/unit09-tui-before-dist/chunks/gateForm-CXQ2ZXd6.js                        4.03 kB
../../../../../../../../../../../tmp/unit09-tui-before-dist/chunks/Button-xSpHukHu.js                          4.08 kB
../../../../../../../../../../../tmp/unit09-tui-before-dist/chunks/notify-M9jXx-RU.js                          4.13 kB
../../../../../../../../../../../tmp/unit09-tui-before-dist/chunks/graph-CXkx-Vm2.js                           4.20 kB
../../../../../../../../../../../tmp/unit09-tui-before-dist/chunks/Icon-BCr_916D.js                            4.28 kB
../../../../../../../../../../../tmp/unit09-tui-before-dist/chunks/pullTasks-DhrUEuco.js                       4.33 kB
../../../../../../../../../../../tmp/unit09-tui-before-dist/chunks/activeNode-sitXirdZ.js                      4.33 kB
../../../../../../../../../../../tmp/unit09-tui-before-dist/chunks/Markdown-B3DclWKd.js                        4.42 kB
../../../../../../../../../../../tmp/unit09-tui-before-dist/chunks/AgentStorageSection-adQBukso.js             4.44 kB
../../../../../../../../../../../tmp/unit09-tui-before-dist/chunks/commandLayer-DcZXBU1V.js                    4.44 kB
../../../../../../../../../../../tmp/unit09-tui-before-dist/chunks/api-COo1krq5.js                             4.48 kB
../../../../../../../../../../../tmp/unit09-tui-before-dist/chunks/router-DU4bWzp6.js                          4.49 kB
../../../../../../../../../../../tmp/unit09-tui-before-dist/chunks/hostCapabilities-BivWRGrI.js                4.54 kB
../../../../../../../../../../../tmp/unit09-tui-before-dist/chunks/frameServices-BW9AnscE.js                   4.62 kB
../../../../../../../../../../../tmp/unit09-tui-before-dist/chunks/PullRefPanel-BZOfU-XW.js                    4.65 kB
../../../../../../../../../../../tmp/unit09-tui-before-dist/chunks/public-elL2ZV0S2.js                         4.76 kB
../../../../../../../../../../../tmp/unit09-tui-before-dist/chunks/devicePrefs-B-D5uQ_S.js                     4.79 kB
../../../../../../../../../../../tmp/unit09-tui-before-dist/chunks/memoryClient-Xx1hMgpB.js                    4.80 kB
../../../../../../../../../../../tmp/unit09-tui-before-dist/chunks/fanout-DxBnB7aa.js                          4.90 kB
../../../../../../../../../../../tmp/unit09-tui-before-dist/chunks/data-source-contributions-B_gBpO2z.js       4.96 kB
../../../../../../../../../../../tmp/unit09-tui-before-dist/chunks/dataSchemas-CgxVH-66.js                     5.02 kB
../../../../../../../../../../../tmp/unit09-tui-before-dist/chunks/telemetry-BHwI5W6J.js                       5.32 kB
../../../../../../../../../../../tmp/unit09-tui-before-dist/chunks/TerminalNotifications--PezafTg.js           5.39 kB
../../../../../../../../../../../tmp/unit09-tui-before-dist/chunks/panel-DKoHys_q.js                           5.40 kB
../../../../../../../../../../../tmp/unit09-tui-before-dist/chunks/dockerStore-BQVCe5PH.js                     5.44 kB
../../../../../../../../../../../tmp/unit09-tui-before-dist/chunks/settings-CjHvSfpj.js                        5.46 kB
../../../../../../../../../../../tmp/unit09-tui-before-dist/chunks/graphLayout-CPU7Tox2.js                     5.49 kB
../../../../../../../../../../../tmp/unit09-tui-before-dist/chunks/annotations-q0oogBPE.js                     5.54 kB
../../../../../../../../../../../tmp/unit09-tui-before-dist/chunks/DocumentSurface-BDwmH0gO.js                 5.57 kB
../../../../../../../../../../../tmp/unit09-tui-before-dist/chunks/markdown-PKRSgZHJ.js                        5.60 kB
../../../../../../../../../../../tmp/unit09-tui-before-dist/chunks/actions-C53hWF4X.js                         5.68 kB
../../../../../../../../../../../tmp/unit09-tui-before-dist/chunks/slotChoice-POnR0qcC.js                      5.70 kB
../../../../../../../../../../../tmp/unit09-tui-before-dist/chunks/PullDetail-CCMDd0H1.js                      5.71 kB
../../../../../../../../../../../tmp/unit09-tui-before-dist/chunks/Tabs-DhaztOO5.js                            5.76 kB
../../../../../../../../../../../tmp/unit09-tui-before-dist/chunks/keymapHost-B_Lt5ij4.js                      5.80 kB
../../../../../../../../../../../tmp/unit09-tui-before-dist/chunks/support-Cu9K99_N.js                         5.81 kB
../../../../../../../../../../../tmp/unit09-tui-before-dist/chunks/MemorySection-BR_YL3Cr.js                   6.06 kB
../../../../../../../../../../../tmp/unit09-tui-before-dist/chunks/anchor-DowHMWrk.js                          6.20 kB
../../../../../../../../../../../tmp/unit09-tui-before-dist/chunks/contributions-hSF9b2MS.js                   6.22 kB
../../../../../../../../../../../tmp/unit09-tui-before-dist/chunks/GithubConnect-BWBWlVka.js                   6.48 kB
../../../../../../../../../../../tmp/unit09-tui-before-dist/chunks/managedClient-DMDlCUAx.js                   6.56 kB
../../../../../../../../../../../tmp/unit09-tui-before-dist/chunks/worker-B0AFdlc-.js                          6.61 kB
../../../../../../../../../../../tmp/unit09-tui-before-dist/chunks/StartFromItemHost-es3teI0g.js               6.65 kB
../../../../../../../../../../../tmp/unit09-tui-before-dist/chunks/PluginRefPanel-CrG60WLX.js                  6.68 kB
../../../../../../../../../../../tmp/unit09-tui-before-dist/chunks/MemoryCenter-ARdpFhqg.js                    6.85 kB
../../../../../../../../../../../tmp/unit09-tui-before-dist/chunks/workerFactory-CCmhUvmr.js                   6.91 kB
../../../../../../../../../../../tmp/unit09-tui-before-dist/chunks/workflowControl-BMMPegNA.js                 6.92 kB
../../../../../../../../../../../tmp/unit09-tui-before-dist/chunks/Shortcuts-C_nyDlZ5.js                       7.11 kB
../../../../../../../../../../../tmp/unit09-tui-before-dist/chunks/savePref-BgpJLK0c.js                        7.19 kB
../../../../../../../../../../../tmp/unit09-tui-before-dist/chunks/wsClient-CXPX6KCr.js                        7.21 kB
../../../../../../../../../../../tmp/unit09-tui-before-dist/chunks/workflowsClient-BS6sF1lT.js                 7.27 kB
../../../../../../../../../../../tmp/unit09-tui-before-dist/chunks/AiSetup-BscM7JRN.js                         7.50 kB
../../../../../../../../../../../tmp/unit09-tui-before-dist/chunks/public-CPdF41ac.js                          7.54 kB
../../../../../../../../../../../tmp/unit09-tui-before-dist/chunks/panes-BLOiSC7u.js                           7.54 kB
../../../../../../../../../../../tmp/unit09-tui-before-dist/chunks/commands-CTIQsE0z.js                        7.64 kB
../../../../../../../../../../../tmp/unit09-tui-before-dist/chunks/install-U5D8zk28.js                         7.67 kB
../../../../../../../../../../../tmp/unit09-tui-before-dist/chunks/stepFields-BzcrlLC4.js                      7.68 kB
../../../../../../../../../../../tmp/unit09-tui-before-dist/chunks/bindings-DJ7TtRn_.js                        7.68 kB
../../../../../../../../../../../tmp/unit09-tui-before-dist/chunks/diffModel-K4wBq9Wj.js                       7.76 kB
../../../../../../../../../../../tmp/unit09-tui-before-dist/chunks/runPaneModel-BO7fIVPR.js                    8.00 kB
../../../../../../../../../../../tmp/unit09-tui-before-dist/chunks/ChromeExtendedPane-B8sSuLHr.js              8.07 kB
../../../../../../../../../../../tmp/unit09-tui-before-dist/chunks/buffer-C3kVzXIQ.js                          8.20 kB
../../../../../../../../../../../tmp/unit09-tui-before-dist/chunks/apiClient-BL8_vUT7.js                       8.52 kB
../../../../../../../../../../../tmp/unit09-tui-before-dist/chunks/PluginWebview-C90bWhZl.js                   8.53 kB
../../../../../../../../../../../tmp/unit09-tui-before-dist/chunks/queries-DtuW7-qy.js                         8.62 kB
../../../../../../../../../../../tmp/unit09-tui-before-dist/chunks/refResolvers-C7YxOuCg.js                    8.67 kB
../../../../../../../../../../../tmp/unit09-tui-before-dist/chunks/GithubImporter-BFV8v35r.js                  8.72 kB
../../../../../../../../../../../tmp/unit09-tui-before-dist/chunks/public-DsE6jscc.js                          9.39 kB
../../../../../../../../../../../tmp/unit09-tui-before-dist/chunks/PreviewTaskPane--yjpa_Ov.js                 9.48 kB
../../../../../../../../../../../tmp/unit09-tui-before-dist/chunks/CreatePullForm-D6HAhCTQ.js                  9.83 kB
../../../../../../../../../../../tmp/unit09-tui-before-dist/chunks/NotesPane-DQF5OFN2.js                       9.90 kB
../../../../../../../../../../../tmp/unit09-tui-before-dist/chunks/Promotion-D8LPvfqB.js                      10.10 kB
../../../../../../../../../../../tmp/unit09-tui-before-dist/chunks/public-Plx8_N5E.js                         10.15 kB
../../../../../../../../../../../tmp/unit09-tui-before-dist/chunks/Settings-Te8ddo1l.js                       10.28 kB
../../../../../../../../../../../tmp/unit09-tui-before-dist/chunks/deliver-B4BXCuL8.js                        10.31 kB
../../../../../../../../../../../tmp/unit09-tui-before-dist/chunks/state-DcVJrwtg.js                          10.37 kB
../../../../../../../../../../../tmp/unit09-tui-before-dist/chunks/public-Co74b0vs.js                         10.53 kB
../../../../../../../../../../../tmp/unit09-tui-before-dist/chunks/contextModel-3d82fSs4.js                   10.77 kB
../../../../../../../../../../../tmp/unit09-tui-before-dist/chunks/RunPane-BA_svhpr.js                        10.87 kB
../../../../../../../../../../../tmp/unit09-tui-before-dist/chunks/collection-BiuhQCAG.js                     11.01 kB
../../../../../../../../../../../tmp/unit09-tui-before-dist/chunks/draft-CCrtwu4X.js                          11.06 kB
../../../../../../../../../../../tmp/unit09-tui-before-dist/chunks/Stack-D9Rn9dL1.js                          11.31 kB
../../../../../../../../../../../tmp/unit09-tui-before-dist/chunks/ContextPane-DTIFTw3d.js                    11.41 kB
../../../../../../../../../../../tmp/unit09-tui-before-dist/chunks/sessionStore-BXNI3OM9.js                   11.63 kB
../../../../../../../../../../../tmp/unit09-tui-before-dist/chunks/store-DQLz5ZjI.js                          12.08 kB
../../../../../../../../../../../tmp/unit09-tui-before-dist/chunks/nativePages-B04qt8VI.js                    12.12 kB
../../../../../../../../../../../tmp/unit09-tui-before-dist/chunks/Sessions-Clb7hGvb.js                       12.19 kB
../../../../../../../../../../../tmp/unit09-tui-before-dist/chunks/UserAvatar-jC9ycsVS.js                     13.16 kB
../../../../../../../../../../../tmp/unit09-tui-before-dist/chunks/pricingClient-C32Acjor.js                  13.61 kB
../../../../../../../../../../../tmp/unit09-tui-before-dist/chunks/PluginFrame-CeWOXasI.js                    13.76 kB
../../../../../../../../../../../tmp/unit09-tui-before-dist/chunks/bridgeFactory-DIMN4r6w.js                  14.20 kB
../../../../../../../../../../../tmp/unit09-tui-before-dist/chunks/Menu-CO_j0bpo.js                           14.55 kB
../../../../../../../../../../../tmp/unit09-tui-before-dist/chunks/install-BQvU2x4i.js                        14.80 kB
../../../../../../../../../../../tmp/unit09-tui-before-dist/chunks/tasks-DKwYo1Zf.js                          15.00 kB
../../../../../../../../../../../tmp/unit09-tui-before-dist/chunks/persist-6jzA0isc.js                        15.62 kB
../../../../../../../../../../../tmp/unit09-tui-before-dist/chunks/AgentSessionDefaultsSettings-Cw9X9pYz.js   15.78 kB
../../../../../../../../../../../tmp/unit09-tui-before-dist/chunks/InlineDiffCard-C25vxKv6.js                 15.94 kB
../../../../../../../../../../../tmp/unit09-tui-before-dist/chunks/CustomAgentsSettings-DZ3QoI3X.js           16.09 kB
../../../../../../../../../../../tmp/unit09-tui-before-dist/chunks/layouts-u2-llOCx.js                        16.21 kB
../../../../../../../../../../../tmp/unit09-tui-before-dist/chunks/pixels-BgTWCphT.js                         16.62 kB
../../../../../../../../../../../tmp/unit09-tui-before-dist/chunks/DocumentSurface-NLdVZFgr.js                16.93 kB
../../../../../../../../../../../tmp/unit09-tui-before-dist/chunks/public-BLr40Qr9.js                         17.31 kB
../../../../../../../../../../../tmp/unit09-tui-before-dist/chunks/blocks-rCmAc2sR.js                         17.41 kB
../../../../../../../../../../../tmp/unit09-tui-before-dist/chunks/fleet-BQrcA-I3.js                          18.85 kB
../../../../../../../../../../../tmp/unit09-tui-before-dist/chunks/AgentCenter-C9bNcv58.js                    19.65 kB
../../../../../../../../../../../tmp/unit09-tui-before-dist/chunks/ContainerDetail-BNtWJmn9.js                19.91 kB
../../../../../../../../../../../tmp/unit09-tui-before-dist/chunks/AgentMcpServersSettings-BLX262MM.js        20.06 kB
../../../../../../../../../../../tmp/unit09-tui-before-dist/chunks/PrPane-BNlMqtqI.js                         20.28 kB
../../../../../../../../../../../tmp/unit09-tui-before-dist/chunks/chromeData-BvxR1Bn1.js                     20.71 kB
../../../../../../../../../../../tmp/unit09-tui-before-dist/chunks/Timeline-DZKTUUx1.js                       20.79 kB
../../../../../../../../../../../tmp/unit09-tui-before-dist/chunks/AgentTaskSidebar-DkMebG5n.js               21.06 kB
../../../../../../../../../../../tmp/unit09-tui-before-dist/chunks/Setup-CbUNFZIW.js                          21.41 kB
../../../../../../../../../../../tmp/unit09-tui-before-dist/chunks/web-C5ZrRQtq.js                            21.55 kB
../../../../../../../../../../../tmp/unit09-tui-before-dist/chunks/emitter-m-LO3Xle.js                        21.58 kB
../../../../../../../../../../../tmp/unit09-tui-before-dist/chunks/GithubBrowse-Bgir9bN5.js                   21.78 kB
../../../../../../../../../../../tmp/unit09-tui-before-dist/chunks/TerminalPanel-B_GDRls0.js                  21.98 kB
../../../../../../../../../../../tmp/unit09-tui-before-dist/chunks/draftStore-CCQHHHMK.js                     22.29 kB
../../../../../../../../../../../tmp/unit09-tui-before-dist/chunks/OnboardingWizard-DjgJP4FL.js               22.50 kB
../../../../../../../../../../../tmp/unit09-tui-before-dist/chunks/segmentLoader-DfT0nrOq.js                  22.56 kB
../../../../../../../../../../../tmp/unit09-tui-before-dist/chunks/grouping-Ws_nDSYb.js                       22.82 kB
../../../../../../../../../../../tmp/unit09-tui-before-dist/chunks/DockerBrowse-BaK8IaG5.js                   24.31 kB
../../../../../../../../../../../tmp/unit09-tui-before-dist/chunks/host-DFRnUwFS.js                           25.03 kB
../../../../../../../../../../../tmp/unit09-tui-before-dist/chunks/AgentLimitsSettings-DmeX7Zhy.js            25.94 kB
../../../../../../../../../../../tmp/unit09-tui-before-dist/chunks/distribution-CGQbF0kL.js                   26.15 kB
../../../../../../../../../../../tmp/unit09-tui-before-dist/chunks/AgentPane-DfwLgwqI.js                      27.70 kB
../../../../../../../../../../../tmp/unit09-tui-before-dist/chunks/ChromeSourcePanel-BQYdKlmS.js              27.84 kB
../../../../../../../../../../../tmp/unit09-tui-before-dist/main.js                                           27.94 kB
../../../../../../../../../../../tmp/unit09-tui-before-dist/chunks/public-BRfx6xji.js                         28.25 kB
../../../../../../../../../../../tmp/unit09-tui-before-dist/chunks/TrustPrompt-B5an-USl.js                    28.61 kB
../../../../../../../../../../../tmp/unit09-tui-before-dist/chunks/DiffRows-BfrXN-nK.js                       31.01 kB
../../../../../../../../../../../tmp/unit09-tui-before-dist/capture.js                                        33.57 kB
../../../../../../../../../../../tmp/unit09-tui-before-dist/chunks/regions-DCpK1fOy.js                        33.78 kB
../../../../../../../../../../../tmp/unit09-tui-before-dist/chunks/EditorPane-g6RuqJ3h.js                     33.94 kB
../../../../../../../../../../../tmp/unit09-tui-before-dist/chunks/ChangesPane-CCfXTrHR.js                    34.90 kB
../../../../../../../../../../../tmp/unit09-tui-before-dist/chunks/FindingsBundleReview-D5_CUrga.js           35.16 kB
../../../../../../../../../../../tmp/unit09-tui-before-dist/chunks/register-BPvl-ENU.js                       35.46 kB
../../../../../../../../../../../tmp/unit09-tui-before-dist/chunks/reload-COmlRKLX.js                         36.57 kB
../../../../../../../../../../../tmp/unit09-tui-before-dist/chunks/solid-BntUU8q-.js                          37.71 kB
../../../../../../../../../../../tmp/unit09-tui-before-dist/chunks/renderer-tR6ShIgQ.js                       38.98 kB
../../../../../../../../../../../tmp/unit09-tui-before-dist/chunks/asking-DCtZWWKn.js                         41.37 kB
../../../../../../../../../../../tmp/unit09-tui-before-dist/chunks/extensionPoints-PZaP2sYR.js                43.26 kB
../../../../../../../../../../../tmp/unit09-tui-before-dist/chunks/WorkflowsBrowse-DCNXgORd.js                52.54 kB
../../../../../../../../../../../tmp/unit09-tui-before-dist/chunks/renderer-CfcupjUN.js                       55.96 kB
../../../../../../../../../../../tmp/unit09-tui-before-dist/chunks/stateTone-BldcCUP_.js                      61.57 kB
../../../../../../../../../../../tmp/unit09-tui-before-dist/chunks/prSections-CGNlIBlU.js                     62.82 kB
../../../../../../../../../../../tmp/unit09-tui-before-dist/chunks/bundles-B7hmm8vg.js                        63.25 kB
../../../../../../../../../../../tmp/unit09-tui-before-dist/chunks/primitives-OjOfmLIX.js                     67.78 kB
../../../../../../../../../../../tmp/unit09-tui-before-dist/chunks/NodeDetail-CVGbzAG7.js                     70.05 kB
../../../../../../../../../../../tmp/unit09-tui-before-dist/chunks/AgentEventCard-AMtfX0Qm.js                 72.45 kB
../../../../../../../../../../../tmp/unit09-tui-before-dist/chunks/trap-PHZ9XiW1.js                           73.80 kB
../../../../../../../../../../../tmp/unit09-tui-before-dist/chunks/custody-C8PaRUyF.js                        74.28 kB
../../../../../../../../../../../tmp/unit09-tui-before-dist/chunks/SourceQueryEditor-BD3UfIUK.js              77.89 kB
../../../../../../../../../../../tmp/unit09-tui-before-dist/chunks/workerHost-BBQH70pl.js                     79.55 kB
../../../../../../../../../../../tmp/unit09-tui-before-dist/chunks/paths-Dl5txMu2.js                          80.74 kB
../../../../../../../../../../../tmp/unit09-tui-before-dist/chunks/build-BmrR2qi1.js                          83.35 kB
../../../../../../../../../../../tmp/unit09-tui-before-dist/chunks/AgentConversation-CiPJJ-W-.js              85.21 kB
../../../../../../../../../../../tmp/unit09-tui-before-dist/chunks/DiffPane-3zDsyrtc.js                       85.30 kB
../../../../../../../../../../../tmp/unit09-tui-before-dist/chunks/roster-D6Hl6t-F.js                         99.58 kB
../../../../../../../../../../../tmp/unit09-tui-before-dist/chunks/App-CKOwg9mO.js                           106.98 kB
../../../../../../../../../../../tmp/unit09-tui-before-dist/chunks/RemoteTree-DmtGm1Mr.js                    110.59 kB
../../../../../../../../../../../tmp/unit09-tui-before-dist/archive-worker.js                                111.67 kB
../../../../../../../../../../../tmp/unit09-tui-before-dist/chunks/PanelGrid-BtG0ZB0c.js                     136.80 kB
../../../../../../../../../../../tmp/unit09-tui-before-dist/chunks/WorkflowEditor-CMs_ke2m.js                153.11 kB

✓ built in 6.53s
