
 RUN  v4.1.11 /tmp/acorn-unit11-before

 ❯ src/server/sessions/runtimeQueue.test.ts (8 tests | 4 failed) 3516ms
     × acknowledges 20 public enqueues during startup and starts only admitted providers 1104ms
     × joins cancellation to a late startup handle and releases admission for the next head 1020ms
     × rechecks cancellation after a held workspace read before starting any provider 76ms
     × records startup failure against the accepted turn and admits another session 1020ms
 ❯ src/server/usage/claudeDailyUsage.test.ts (8 tests | 1 failed) 161ms
     × includes 200,000 compact accepted records without skipping the file 149ms
 ❯ src/server/sessions/runtimeProviders.test.ts (10 tests | 1 failed) 1905ms
     × invalidates same-ID replacement and does not join or cache its superseded wave 1067ms
 ❯ src/server/routes/sessionPagination.test.ts (5 tests | 5 failed) 639ms
     × reaches all tied and mixed timestamps exactly once with limit 1 129ms
     × reaches all tied and mixed timestamps exactly once with limit 5 127ms
     × reaches all tied and mixed timestamps exactly once with limit 100 158ms
     × seeks from encoded values after the anchor is deleted and preserves scoped filters 123ms
     × retains numeric cursor compatibility and rejects malformed or unnegotiated tuples 101ms

⎯⎯⎯⎯⎯⎯ Failed Tests 11 ⎯⎯⎯⎯⎯⎯⎯

 FAIL  src/server/routes/sessionPagination.test.ts > session roster pagination through the managed route > reaches all tied and mixed timestamps exactly once with limit 1
AssertionError: expected [ …(2) ] to deeply equal [ …(205) ]

- Expected
+ Received

  [
-   "f9697a0a-0669-45f6-9203-20dd470f89eb",
-   "f7251a26-a857-4920-8d7b-64d8471d86ad",
-   "f432ebf9-7a7d-4ef6-8822-ff45bfd25949",
-   "f36dff03-4f5a-44cc-aaa7-5d41246ecbc5",
-   "f1c1c621-a3c9-4d05-bc04-3d20158f4b4f",
-   "f0b081e1-11f7-483d-b3f5-3f8cba209f1a",
-   "e21be01b-71a8-4f5c-a0ff-a274e0f9c3e3",
-   "e1e4cba5-856b-4832-a534-2ac66778f11a",
-   "e1afaa48-c41c-4bd9-b271-55541d4d89c3",
-   "e19a2cb9-10ec-4a81-a458-d4e77aa600d5",
-   "e0c02bbd-0cf8-4ee4-88d5-da67d7de65bb",
-   "d546441d-0a03-4de4-bc1d-1fab5036076c",
-   "d2dac376-77e9-464b-85e4-ac284f86c680",
-   "d2081087-e95f-4492-bde5-b4de89183c41",
-   "d13f0e0d-bce7-434b-a718-25eba3d58310",
-   "d0c4c658-1872-4e6f-a082-cf08957da9b7",
-   "ce61b78b-2fc1-4a18-a4a1-4b190445a611",
-   "ccf28f99-56cb-4495-a1bc-b498eeea364d",
-   "cb3534f6-8543-4a84-8d4d-5248099d0860",
-   "cadc6388-27af-453e-a359-75b1b1412e27",
-   "c097eafa-92cc-4d94-aee4-079e90f110d4",
-   "bf7735ca-edfa-4ebd-8cfc-44da9e7c5c5d",
-   "bf36e719-c3c8-42ef-93a4-0662ae5996e8",
-   "bef443db-d2cd-4044-8500-760c42b1def6",
-   "b897be42-717e-4f3f-8fd2-5f2b5ae0bbe8",
-   "b41f020d-57e6-444d-9fd1-9cd61343468f",
-   "b354896c-c207-4ec1-a2f5-ba9e68c10aef",
-   "b2a6269b-1cf8-462c-8bc0-25356579d508",
-   "b26085c4-57c4-482b-a8a8-d4c3cd597c01",
-   "af31b5d3-9d66-4901-bdb9-c450bcb2b107",
-   "ae04853d-aef9-4c9b-a63e-d30e8d10d5a1",
-   "adddd895-ea70-40fb-a8e4-ad2e07da7b97",
-   "ad615ddd-8d59-4d13-a3c7-4f696f9c7c63",
-   "a9f17ab6-a53c-4e1f-acf9-b911870ced9a",
-   "a8e2d562-4063-43ae-9585-9eb22c875f6c",
-   "a858ed28-f5fa-499f-ada4-43412b489d2a",
-   "a829b756-bec6-4832-b646-81297c14fc5d",
-   "a33b0c25-e561-4059-bd8a-b3cdfc5592d9",
-   "a12afcd8-9e55-4fdc-be0f-23f05273f423",
-   "9f676fc8-c565-486d-8163-85ff8237b11f",
-   "9dd756ac-3212-4167-a9f4-7fb7d483a7bf",
-   "9db17cc8-66ff-4f23-9ac9-dd355ba5ffb1",
-   "9d5e6001-fcc5-4553-8801-1308e0f2a9b4",
-   "95794fb8-cf37-4f0d-bd04-29e0935142fe",
-   "9137aa61-2fc6-44f9-a46f-2626fa68c3a2",
-   "90e7356d-8305-46d0-88d8-0826d6f8c349",
-   "893ead95-9285-4933-b8ac-8e6fc3108e54",
-   "8852c580-f646-43ba-bd40-f508f7238998",
-   "87eb353d-a179-43ef-8e2d-b194b6231812",
-   "8690ab18-b530-4fc4-ac3f-23e46845cc25",
-   "8640ffe3-2cc0-4cc3-9864-4ead656e4fb7",
-   "85d80fc4-22c3-4588-a11d-24457466f50f",
-   "826939b7-e50f-41be-8ed4-a5913762bd20",
-   "7f204648-3764-471f-bb8f-14eb68cf8519",
-   "7b0a537c-4b44-49b7-be7c-595b84e22f75",
-   "7a7b1185-5db9-4c3b-b44d-1938b4d6cb1b",
-   "79771b83-1ac2-4d75-88df-325b4c809429",
-   "76a01148-370a-4878-968f-5b5904bdbb4d",
-   "7439e61c-525f-4d1f-bd82-31125d233c36",
-   "63f8bc82-c5ec-4401-9e62-ad8c7f6066f4",
-   "5c1a67f8-da9d-45dd-9bee-01f854eaf582",
-   "59fc0e0c-3490-4a7a-8a5f-8c02a6896ca1",
-   "572e539b-ae64-4084-99c5-52054c35da3a",
-   "51ffb2df-5e81-4410-ab59-268f34dfe177",
-   "51737ccd-017d-4eec-bc6d-91369ab21948",
    "5105c591-97c7-48b8-ad80-1f8ff1cc816c",
-   "4e667cb1-3cdb-457c-b9a5-19d7fcea0787",
-   "4bb6da8e-8e03-4d52-9862-14a9692e9b1a",
-   "4ae8d61f-34d9-427b-aa94-ee5619593e09",
-   "4a20a57b-5236-43e0-a531-463072654f5a",
-   "491c9716-cee4-47da-8737-33179378fd05",
-   "4632357b-1555-4e42-bb33-f8c3ae08862f",
-   "44dc5ed6-2a6c-4a72-88c2-c6b2ff502483",
-   "426e4d30-22e1-4f65-aad3-8bc516156aa4",
-   "3f21c920-a4ae-4c22-a6e3-6d4b64ccc727",
-   "3c2ed0da-fac1-409e-92ca-c39d25ebc344",
-   "3a801025-be97-4a61-b09e-415cf2c392a5",
-   "3561b293-6d8f-4d93-a536-e353de89dd07",
-   "34332a4f-af68-4515-b876-6b826eee723a",
-   "34285394-c365-42e2-a5cb-5af0eae94fab",
-   "338f0225-a8f0-417b-a8fc-f719f3eaeef2",
-   "32bca8a9-066f-49b0-a9b8-61eee28f075d",
-   "2f534ad1-6c1f-4db9-b9e1-c0be020a5acf",
-   "2e635189-61a0-4318-9de5-8eef9288d7c7",
-   "27341c8a-f099-44b7-b9d6-6012847c74e9",
-   "267afc78-8b0b-44fa-92a5-0662c478fa4a",
-   "23c78fd9-65c6-4386-be71-347e102ec9a9",
-   "20cacf93-0a3a-42b9-9f10-771993094450",
-   "1f1adad9-4ee4-4734-9611-e9401af54314",
-   "1c7178a6-ae5b-44a4-bbe4-96c14a1c931f",
-   "12cc9564-37a5-4152-90dd-3d76dbbe412f",
-   "11db4a4b-1acc-40d7-a7ac-bfcf1c0b2c74",
-   "0ef0eb56-abfa-46b3-a435-600f15382760",
-   "0aff5b1b-ae00-4954-a888-cc849f15c12c",
-   "0a2f71c8-edcf-492c-8477-1ddbd8b97f09",
-   "0971a6af-6f1b-4014-8ec4-dba1b15cac11",
-   "0816d1fd-e45a-43ba-bb2d-b08562b145f5",
-   "0768f17f-b227-49ef-a7c0-7258af34f3e2",
-   "0729938d-9fb7-4b62-acd1-989f31a52419",
-   "06c17a1f-19a1-4bff-8796-dc52e084ae63",
-   "0216096f-7bb4-4d43-9d62-40f7e5fc28db",
-   "0112febb-048e-4c45-848e-0bb1bf85077a",
-   "fea24b0a-bf13-4af8-bd4e-8f52361f02e1",
-   "fd8ec8a8-28dd-40ca-abb6-568bdeb25637",
-   "fbe3aa20-78d6-4a0d-8cdf-badf36b679e2",
-   "f4245f52-3b25-4e12-98f1-9e54fcbc8c59",
-   "f378117f-486e-4ddd-8ffe-b8218263fe2e",
-   "f1532387-7319-493b-8639-3992f2bac2de",
-   "ef9fb7b6-34df-44cb-9cf2-d96d753cede9",
-   "ef8c976e-f6b6-48f1-9d47-cc2bbfcb9a70",
-   "ef50c440-e907-47b9-8822-330a19efb8a8",
-   "ee430ccd-da0e-4203-a788-63c3d453223d",
-   "e9d52e40-3ba9-4484-ad4e-26f79415b619",
-   "e767784a-0086-41c3-9c74-13073dcd9fa7",
-   "e6f2c8d1-d33b-47d1-88a3-c688efb5d269",
-   "e3060047-d84a-4901-99c9-a59117c0c448",
-   "ddb63463-1958-4e65-818d-a841593b8f7c",
-   "dc6fb54c-487e-41ae-bd6c-872db94b03ac",
-   "da0c5405-e00b-4ffd-ad8d-6c40f30531e1",
-   "d8850a92-dcd9-464f-9dc2-e6584c71843a",
-   "d74966a0-e0a7-479c-9c5b-17466b0cc9e9",
-   "d662b82f-f087-4b16-99b9-bf9365b06dce",
-   "d408067e-cd58-40a4-b3b7-beea485b6071",
-   "d3a30d0f-0f06-4a96-b05b-7bfd8f81452b",
-   "d35c8cc1-a60f-44a3-aa05-2d8412ff17fd",
-   "d23fdc09-c673-4bb4-a579-70d5bd71cc46",
-   "d118e7f7-5031-448e-92a6-5011b4b86026",
-   "d0eee3b8-d0d9-40f8-87fc-9ea68dfe6a45",
-   "ce1736f0-172e-48ed-a416-17c8d66b7d4c",
-   "cde4e9fd-12ef-4b0d-a9bc-7171a5f51544",
    "cd9696ea-3b33-4cbd-9b68-65f72c9cf5ab",
-   "c86aa8b6-1fc5-4929-bf5a-c6085fd3408d",
-   "c5b23c55-4dca-4253-9463-fa8d8652faf8",
-   "c4b021f4-c86a-4938-9dcc-6f995782a837",
-   "bf62b4b4-8211-4c3c-820f-1c2e1695ca55",
-   "bde8a3e4-db83-4ba6-b251-551273329bec",
-   "bd4200e2-130b-4b40-bab0-0d080770dfa1",
-   "bbd2af43-d3cf-4c4c-8f5b-e75f2968f3b7",
-   "b4ae9fd9-7ed2-47e8-ae8d-749a7dacf3e4",
-   "b11567af-133c-4093-970a-9a5324ee6f86",
-   "ae8c172a-8bc4-4f53-b01e-d4d205e17034",
-   "a6c58e64-d0a5-4412-b32c-a564680a52cb",
-   "a5f302b6-1e3b-4bca-b0a0-6f6102615ecd",
-   "9e1eca28-e062-496b-b4d2-5cd9de1efa33",
-   "9d6f6a60-2063-4d6a-9fe1-bc76f3a555cb",
-   "9d4fa447-8cb4-4b5d-b22d-92c7d1b965e6",
-   "9718073e-b008-4fa9-828d-0b135a8b40c8",
-   "93d12511-bab0-414a-a315-d86ce2b6a8d2",
-   "92b843cc-dab8-4590-8822-cc4b517b46d1",
-   "927bbdc7-8c31-48b1-b6fd-750bf6ef6061",
-   "91999070-0640-46e8-80b1-040fc5120bdb",
-   "903ff063-2fd7-4bf8-90c0-f9d44f49f136",
-   "8fa65995-9590-4ff8-8631-261c09f6e7e1",
-   "8cf0e82f-2787-42ab-807c-4355f5e17e89",
-   "8b97ba62-1f20-4fe9-b142-03e3a769c44e",
-   "8b7c7609-ec65-4ceb-b924-0d577e5e2b93",
-   "8982aaa3-c77e-4141-9ced-16711f897e7c",
-   "82d0212f-3a84-4397-be94-5c1ef8b04a0f",
-   "81e78107-e884-47d2-b112-016a0675b58d",
-   "8159dbc9-9028-48cf-9d53-8aa3ee74b9ae",
-   "801a4195-a8b4-4cc9-8622-4f261673ed1b",
-   "7eb99f75-51e9-4a52-a7ef-56bce4c58469",
-   "7a2daee5-36bc-4316-a243-9c3204080f25",
-   "7991ab74-1775-4d24-a631-0237befb1fae",
-   "771bf597-f9d1-42c0-9cd8-d22de5b476e8",
-   "76bf1b83-484e-4780-a8a8-a53376ef5a14",
-   "75c03e38-c88d-4fd8-b6bf-25ea0008c663",
-   "71c022ea-664f-44ce-9ffb-d5f01005947c",
-   "6be2bcec-65c0-4dc4-9fc4-520a13473ce6",
-   "6b13d4fd-b122-41b2-8068-8738888865aa",
-   "6aaf41d2-bf6c-4564-9fae-0c3fa1894885",
-   "68c076bf-f965-43be-be5b-45bac47c9f47",
-   "65d83d7d-5595-4687-be69-dcdeb1f91459",
-   "65d1184d-5429-49ff-9240-329407b52dae",
-   "646e2c32-5244-47cd-9a0a-ef419a7eee04",
-   "5c298ffb-b17d-4a14-be38-21dc53dce595",
-   "5b7eac9e-52ac-47d2-b93d-4392dbf773b2",
-   "54c4e25d-2bff-4fe7-b993-77dbac94ea17",
-   "54a81753-a39e-45b1-9426-634f4063afaa",
-   "51577514-84cf-4421-b2cd-5701b8ad7f6b",
-   "505375c2-0868-49ac-b937-ebdb2cfc04c0",
-   "4e41a3d1-587f-4b09-a580-daa4a6d54fca",
-   "493e1b53-704b-4df9-a8ef-65608652e418",
-   "48494a18-88ed-4061-9893-d2c722c780b2",
-   "47ddb255-4c8d-44fc-814c-46a22577ef36",
-   "461e83d9-4e7c-430d-b268-f7444844839a",
-   "45f7fddb-ba74-44d3-99f7-65168a497171",
-   "430b0844-8471-484e-83c5-505e17bcb2e6",
-   "3675d072-0376-4223-9ea8-b1f0f7670190",
-   "3551a18a-48c4-497e-8df3-07cdd3729cfb",
-   "33d3ef04-ca76-4cb2-a922-d702f4d80c0e",
-   "32481b6f-e9ae-4793-a4e9-4a88aa078c4f",
-   "30b5752e-bb37-4865-bbc4-e9d5f8eff4f4",
-   "307ba5b7-b188-45fd-a4c0-fd9809a32c54",
-   "2dacf428-6222-4b3d-af47-14876d4ff8d2",
-   "2d31b804-a3a2-4cc3-bd62-0d01d5441944",
-   "2a057bc7-7e46-4738-bb74-7e69f8b46e37",
-   "27d9afcf-337a-48f9-a5b8-16f19e7b3601",
-   "257163e8-f8ad-47d9-ad3f-869a47024c0f",
-   "1e7146b3-4b40-4237-bd99-588fed327569",
-   "1c9cb6f9-61a4-47ed-90bb-280819728b52",
-   "19f416e1-7d7b-4157-9783-1de88ee0d501",
-   "18a87e55-91a4-4fb6-a51b-91166f4d6517",
-   "1869e810-6e2f-4507-a627-3cffd69d183b",
-   "0aa79282-9a24-45f8-b2e1-3390605426b5",
  ]

 ❯ ../../private/tmp/acorn-unit11-before/src/server/routes/sessionPagination.test.ts:57:18
     55|       params.set('cursor', page.nextCursor)
     56|     } while (seen.length <= ids.length)
     57|     expect(seen).toEqual([...ids.slice(103).sort().reverse(), ...ids.s…
       |                  ^
     58|     expect(new Set(seen).size).toBe(205)
     59|   })

⎯⎯⎯⎯⎯⎯⎯⎯⎯⎯⎯⎯⎯⎯⎯⎯⎯⎯⎯⎯⎯⎯⎯[1/11]⎯

 FAIL  src/server/routes/sessionPagination.test.ts > session roster pagination through the managed route > reaches all tied and mixed timestamps exactly once with limit 5
AssertionError: expected [ …(10) ] to deeply equal [ …(205) ]

- Expected
+ Received

  [
-   "fac833d9-2299-4801-969e-8f68d6202538",
-   "fab86d02-ba28-4147-a1e6-32587b8ee949",
-   "fab37e74-7398-4a42-a38d-fc4025c4b1b8",
-   "f6cc3921-222d-426c-9b1c-d0ac69c2924b",
-   "f5aadebd-4d25-498b-baab-e25ffc40c979",
-   "f2184956-d947-4580-b1ac-00a2e5643466",
-   "f20e257c-e82a-46c0-828c-9c49ff1d57ad",
-   "f077fe61-4654-4d44-a5bf-0f96919960ae",
-   "ee7cf30b-7e64-4108-854b-880c38960be5",
-   "edf3607f-7288-4cb1-8899-466de0dc4cde",
-   "ec56e811-90d9-4113-b893-b92c59f2f471",
-   "e70e0adc-b33c-4b97-8661-856c06c1144f",
-   "e36cc880-66d9-428c-a38b-076d5217f3a1",
-   "ded1bdae-9252-4d0a-8e4a-b2f6a7466e75",
-   "da2d5acf-be3c-439c-a0c3-6eed226e3b8b",
-   "d9d39d35-6616-4531-bf9e-8268977b0a78",
-   "d883292e-1f84-4ef7-abd5-10517064f9e3",
-   "d2f7abd9-f47d-444d-afaf-877134cc3bbd",
-   "cc30a65f-b5dc-403a-bf2e-f75d5bfc7bfa",
-   "ca0f12db-40dd-4392-8c16-72a1c0cba73c",
-   "c99c417f-75ff-47f4-8a02-72371c12e6b8",
-   "c6b376eb-cb19-4776-b8c6-c6f2ba7576eb",
-   "c698aefb-862b-4726-a06a-0e1ae8d6168e",
-   "c572db13-3be9-4b68-85d4-b567d21117a6",
-   "c111bc82-2be7-4966-929a-3928b1bbf406",
-   "be2859bc-793c-41df-86c8-6f5751c31696",
-   "b7a1312d-59cd-4f43-8ea1-5aa67e47cc5c",
-   "b215fd3b-ca45-46a4-91ae-41cc8c23cfa2",
-   "af899d9f-fbb5-4fec-863e-123701403fec",
-   "ad2b6bd7-cebb-4f43-a6b2-495ff5f88c41",
-   "ac11b8f5-2983-4ff5-982e-6fab651b3c02",
-   "aaf4f308-75d0-48e3-be91-4fb963f2a8a0",
-   "aa731b3e-154b-41c0-a400-38030e3f95da",
-   "aa409e8b-d9d4-43b9-be87-672b3c9e7473",
-   "a9e4a89b-f6a6-4d8a-9e8a-5ee3c7d8e581",
-   "a990bcee-4e53-47e7-9a96-288c28ae6467",
-   "a9255bbd-1b3b-4d33-9da0-732d100950a3",
-   "a7e757dc-35f7-4e7f-895d-fb6e62920405",
-   "a634b3e6-91ce-4f22-9179-053ea9844f94",
-   "a48b9b08-9876-4c8c-a4b1-6914c58c02e3",
-   "a3c8eaf6-ea2c-4386-a5c5-2e339a3aaa62",
-   "98042771-e182-4a0a-acf7-8bdc578fb994",
-   "95b06fff-1e69-4836-96a8-3b4c41a3e209",
-   "94947aed-c724-4d3e-8aec-c9be18bc37f9",
-   "8df94291-c863-41e4-b3c4-09b9ac45222c",
-   "8c1341b5-3e71-4023-bcdc-a0ceffc59c0c",
-   "8a07614e-d1f0-4b15-af19-3e07337ed67d",
-   "88ddcf88-0291-4ab8-99c0-f25e0266c26f",
-   "887e1f2d-0da8-4615-92f0-9221d0744147",
+   "44a32be3-d0dd-4dc8-8686-bd82c5774257",
    "882135c8-3adf-40ba-b0b7-868b5aa19dfc",
-   "869abad5-31f0-4a95-9444-dacce21e2f19",
-   "83b6c887-cd3f-4b7e-9da9-0673629b49a3",
-   "805e7f14-a1dd-420e-ace3-fd4677a24bf3",
-   "71fcc9bd-147b-4fb5-8ecf-b6c896e2c111",
-   "7047ee8b-4351-4862-9a82-d9c1ebe8dfdf",
-   "6d84aece-c6ba-4821-98e6-74fd275358f1",
-   "6c911004-2f31-48a9-8d82-cec58b573114",
-   "690195f8-6392-44e7-96d2-3cf62e5e9149",
-   "66f9fbee-6a69-4e90-bb9f-f2265e1977e6",
-   "66a897cf-9e9e-433b-a0d5-8233d2431bd1",
-   "63d7a811-0441-45a9-a7b0-c580eaa55cdd",
-   "62a2712e-76ef-466d-9745-103a48b095d0",
-   "6003153b-62af-4b0e-8ce1-9f10d170bfce",
-   "5eeec030-bbb1-46fb-b0d0-9b5d6e179a07",
-   "5c978409-82f2-4740-b0ba-4238e752a86b",
-   "5a891294-c31c-4021-b459-c0d28abcdf06",
-   "59a11ac2-5776-4202-b28f-8f116516a22d",
-   "55021d45-6116-4317-9baa-ab13a44ec0d4",
-   "54e6a51e-8e12-4045-908d-5c1cc6ffd34c",
    "53751496-1c16-4bf1-b1fe-1bb6d3679b79",
-   "515fc150-481f-4ef1-a5c7-41b821e8785b",
-   "4daf2fa2-6dca-4586-b88a-7611f1fe6e17",
-   "4971112d-ac98-4d1a-b169-60396ea4aed7",
-   "46b7d2d0-1f25-4ea5-86ca-b83e2a32c81b",
-   "4573a13a-2515-489b-bbb5-56a49f847131",
-   "44ed3d1b-f2dd-4970-b8b5-0bbff81c9586",
-   "44a32be3-d0dd-4dc8-8686-bd82c5774257",
-   "43538eaf-9ac5-44c4-819f-23785a49ad5a",
-   "3f13cc8e-fc3e-4f55-9b45-d696765c1d14",
-   "3e08e3cc-df5c-4de1-b3f9-7345972bb32c",
-   "3dbcedb2-34a7-440d-ad5f-57ddb435ed20",
-   "380862d5-5fd7-413b-827a-549695a3f7d0",
-   "37ffd730-2684-4915-8c32-9e4474988a33",
-   "378a6c6d-9351-492e-809b-cf4911a5e964",
-   "36fd41cd-cde8-475f-a635-ab6138def19f",
-   "35ec82aa-8f29-4fcb-a1b9-bf3b177c4ee8",
-   "2da1584d-674d-433e-8861-51f2381779db",
-   "25b79a36-753b-43f1-90e0-eb014869a1ee",
-   "1fb0e271-c393-48a3-8122-d5d4ed629446",
-   "1ef18060-5cef-4301-b203-5e75c322989c",
-   "1bd16eb2-e2c1-403c-be89-4f97ce40eb6c",
-   "13b17d6c-9fc9-4fde-b9b6-da04a14b431c",
-   "10ece885-4db0-4905-8cc9-d29fd4c0c52c",
-   "0e4da18f-5089-463e-9366-4623c75e1d21",
-   "0d8e10ff-968d-41ed-bb1d-84ab49c32d18",
-   "0c2ad5a2-9750-49ca-ad29-8867b17c6b74",
-   "0bdd2eaf-f926-4a56-bea1-39c06813a31e",
-   "06389e00-fb20-44dd-980c-abecaf7772b8",
-   "0399ff78-4fdd-48c2-9cde-f6a32627c134",
-   "036d2df4-82ed-448a-98fa-37511b215f95",
-   "035a6cc9-f04c-4101-95b7-6a29f3b37e29",
-   "00948898-2b69-4371-b064-84265dccc6bc",
-   "fcd57435-3349-48cc-9d12-b08e1d1f5847",
-   "fc22a737-e032-4c96-9c2e-f07f87765151",
-   "fb4d5bc7-e77a-4a64-9229-e452d46bbb93",
-   "fa873577-9ea0-440c-9c7e-cefd09e3c85a",
+   "edf3607f-7288-4cb1-8899-466de0dc4cde",
+   "da2d5acf-be3c-439c-a0c3-6eed226e3b8b",
    "f8f8edbd-1aca-4efd-98e6-e35a52b5e62e",
-   "f73a3678-f321-444d-91b7-3c8f110b8d78",
-   "f4188b29-ee6c-4c01-b0dc-56e927076bc8",
-   "e6f65ddf-566c-46f4-bca7-b63f3604cd17",
-   "e628ffa6-5614-4710-b958-a1d59fe95277",
-   "e5fcc0cb-31ae-49dd-b01f-5701fdc01611",
-   "e5777182-0710-4323-a392-c5e5349dbd5e",
-   "e252fdff-3ed1-488b-89b9-f7f803c9b5c7",
-   "e1fb39f8-a1a8-4e96-9f38-afc428db204e",
-   "df45d6e1-3d2e-461f-9acb-07a827b485fe",
-   "de00f574-3f92-4db1-8368-0c82b8bc20f4",
-   "db6b0d3e-e254-4bc1-93c3-39cb6c55a575",
-   "d7f71bc9-0fd1-42c0-819b-8df52f235598",
-   "d33bc5c1-94fa-4ac1-ad41-33ca307db2b0",
-   "ce8e6360-7b85-471d-bbbd-0905b2061cbc",
-   "cb8fbacd-acaa-4ab8-95a1-a3bd8b2fde18",
-   "c9fd5695-3b4a-42c7-b506-da5fe96110ad",
-   "c8734d17-f0a3-4699-834b-3c8050b2f4c0",
-   "c349ee67-a7c8-4759-85ab-d914894c60d5",
-   "c1eb591f-d0ba-4b49-b0be-d62de882059e",
-   "bf3c9e0d-b197-447d-bad0-c4f3dc7556b0",
-   "bb5137f2-2949-4c67-963c-3ca3c8de11ad",
-   "b326206c-dbda-407c-81c9-bf2f228f5b45",
-   "b23d4216-72fc-4b94-a791-55877f15759c",
-   "af8e5171-1823-4f1f-90ba-0c0e7ddd3048",
-   "af5db40d-b06a-4c71-8460-bb06e3f1f555",
-   "af2c0baf-2024-4430-85ae-b6805fbca732",
-   "ade76d55-7df2-4e97-87c7-63f0277bdcb0",
-   "ad4d2e01-7c8c-4524-8562-a273cb55a056",
-   "a9c0eae6-fbb8-4a1b-8f01-1941bf94e03f",
-   "a93fdf34-4bbb-4e94-8cf7-612f6aa502ae",
-   "9cf7d373-a4d7-4970-88a8-d8680f274e2c",
-   "9c84ced1-9832-4d4f-ab48-219f5c177872",
-   "9be2496e-8b2d-4010-ab52-3b97cfbaa983",
-   "9af91c16-c6f5-40e0-ad17-dd321497e84e",
    "99b45d77-086c-40d6-aa47-89bb6558d43c",
-   "963db318-d1a4-467d-abcd-bfee149e34b5",
-   "909df38b-b2d3-42b7-8828-060d1ec1a16f",
-   "8f7ae776-fc85-467b-8897-4da97201a11e",
-   "8e43f3de-670f-44ad-885c-e9262e70f518",
-   "8da7c2f7-2b0c-4d9a-a7d3-5465f6cfe74a",
-   "8630f961-00ea-49b0-8ca8-c66e35151291",
-   "8525b704-2dab-48a2-b4ae-91be2762a741",
-   "84ec4671-4694-4813-8bb3-ca5ec5ba6ec0",
-   "7e1390cd-4437-4215-a669-03c900851e29",
+   "329c5c12-c4f6-4d3c-9042-556033cfb80e",
    "7d49c080-39b1-4b0a-8410-2923cb5902d6",
-   "7b46aadc-9e1f-4e6c-bfe7-9c8e23ab2747",
-   "79dbbc38-3e5d-4738-8e67-058afa39d082",
-   "79c6bc66-4213-4c7b-a85c-70aded2c68ff",
-   "78cd6e0d-189b-464e-becd-b7fc205daf1c",
-   "7857e6cf-580f-4129-bae7-a6a815cd986d",
-   "7717ff53-df76-427d-9814-600f8a00c20c",
-   "7519df21-5a69-41c4-837f-25dc2b372563",
-   "72a53714-d5ca-4984-b3f0-237714a118aa",
-   "71ffd17d-5043-4e10-a325-ed5ad4d3eff1",
-   "71939c52-37d8-4282-aec5-1ecec05e4d03",
-   "6f62c29c-b9cd-4f02-9136-d5865bee3cea",
-   "6d55ee0d-5d3f-431b-a638-4cdd46b3cad3",
-   "688809d6-1624-4ea3-a967-1d20e9ad7c11",
-   "6773d0d0-e173-45bb-99dc-5094cb726232",
-   "65f5e338-7270-419b-8649-5dedc6b231b7",
-   "5fcb61d4-5a59-46e6-8d74-ea68cdaa85e1",
-   "5dec04b5-4e55-45d6-9328-fb2cd1384c19",
-   "5b80d57d-3dce-4c55-8d42-e442fc721ddb",
-   "553e41a0-eccc-4dbc-a853-9709def62442",
-   "5335e341-274d-4aa9-9acc-52b630d7baaf",
-   "517a6806-d0af-4129-b4a0-fc25bc465fc2",
-   "4dcf1149-36df-4019-b5cc-3e8cd7c9014d",
-   "464454b5-cb7a-4712-bf1a-e7f4329e37e1",
-   "446fbf08-2e00-403a-9747-c7628d37d1ab",
-   "443755ef-d5a5-48cd-8133-3d9995daee3f",
-   "4436bcff-5467-4b14-8d7e-bb811b3b5cdb",
-   "40204e28-0bfb-4b02-8ab8-9108e919a985",
-   "3aca3165-38f6-40bb-831f-0adeb2edb19f",
-   "386c1325-5166-4f07-ab48-946a2be6c2ac",
-   "36a70a37-ea70-4e65-a149-83b9371be0a3",
-   "34a67f6f-2669-432f-adf0-faad950aa31f",
-   "329c5c12-c4f6-4d3c-9042-556033cfb80e",
-   "318a91e5-2187-4f64-baf7-008cba079222",
-   "2ea31850-8880-4501-91ca-6c9e88fa99b1",
-   "2835d3ce-0920-4c9c-ac1c-80f62f6d162e",
-   "264978a1-6d1a-4b04-9464-4e06cec5b352",
-   "220fbb76-627e-443d-9653-36868c04c006",
-   "21fd47ff-b2ad-4c5b-9834-32234ef4cbf9",
-   "1ca13c32-3a97-42d1-a3a6-5d89ee168649",
-   "18dce584-f506-459d-9df5-60a35ccc8cae",
-   "16978578-6bd4-4877-910e-782001c58894",
-   "168ccf71-8080-42eb-8857-6a9d4a25fa53",
-   "1567d43d-b34f-41bc-9a79-583b04187edc",
-   "12fb4baf-02f9-4d45-b24e-1a8b7b77c983",
-   "0e53cf01-2917-4742-888f-857de060c1f5",
-   "0db8131e-e4c8-4417-8d8c-7df3b364b373",
-   "0897b1dc-a44b-48ad-a9f4-534f41b21213",
-   "07a9e79f-9faf-4f1f-ba3d-a2dc617512a4",
-   "051a1f99-1784-4652-9071-7ce82bebb151",
-   "050e5b13-c59f-497f-8220-f2635740d2a4",
-   "0410ddee-928b-4b89-bf22-dbfca31dd996",
-   "026df654-fee0-455f-a042-bd68f3a461d1",
-   "00dc468e-2d30-4a7c-b054-eb246db42ead",
+   "e1fb39f8-a1a8-4e96-9f38-afc428db204e",
  ]

 ❯ ../../private/tmp/acorn-unit11-before/src/server/routes/sessionPagination.test.ts:57:18
     55|       params.set('cursor', page.nextCursor)
     56|     } while (seen.length <= ids.length)
     57|     expect(seen).toEqual([...ids.slice(103).sort().reverse(), ...ids.s…
       |                  ^
     58|     expect(new Set(seen).size).toBe(205)
     59|   })

⎯⎯⎯⎯⎯⎯⎯⎯⎯⎯⎯⎯⎯⎯⎯⎯⎯⎯⎯⎯⎯⎯⎯[2/11]⎯

 FAIL  src/server/routes/sessionPagination.test.ts > session roster pagination through the managed route > reaches all tied and mixed timestamps exactly once with limit 100
AssertionError: expected [ …(200) ] to deeply equal [ …(205) ]

- Expected
+ Received

  [
-   "fe52900e-99bf-4a18-899a-a6d8631d50c2",
-   "fd9abd0e-93fe-4f6e-b72f-3b8b9251256d",
-   "fb3faa5a-2372-4693-b0f5-a23f80ba7452",
-   "f9b7bf02-693b-46ad-aa98-b2a72f1f149a",
-   "f919ccd0-ba62-4704-ba29-198292ce1bb9",
-   "f045d6dd-c820-49b4-9e01-93e925d2e063",
-   "eff67250-4635-4db4-b7ee-c192debb878c",
-   "eb140477-5281-4475-ba7e-63aa10d4867f",
-   "ea7e4386-cf5b-419d-92a0-2b433b24c523",
-   "e800664a-badf-4621-9743-bc63cba4f75a",
-   "e7479ba8-e0c3-4cf8-9e85-64dc229368a3",
+   "9f89fb16-f093-44fe-b6b3-ebcc0234d39c",
+   "4626baa6-ad5d-4fb0-a71f-fa7d6661cdd5",
+   "ab54305d-1e92-4121-999b-59cbbc5ef684",
+   "70029373-a905-4b37-bca6-c1a0e0badf4b",
+   "aa3273ef-e626-4b61-b34b-f74fd524e15f",
+   "236291ae-9baa-436f-9844-f9df42c3f851",
+   "17301d90-9ceb-4514-986d-dc2717757448",
+   "34c42948-9e60-4faf-87a4-4aef87ef163f",
+   "0ed811c1-2eb7-4565-903c-289a0e65af08",
+   "625a1e92-3335-4baf-a129-5126e576f482",
    "e685c363-0c9f-4ed7-b8f7-03fdd913dd32",
-   "e5419ebb-510f-4176-b293-b22fe647763e",
-   "e3aa6031-90a8-4109-b487-a80800218c89",
+   "17f0bd70-d477-4ae8-a50d-27e64002a989",
    "e299793a-3443-4c6f-9366-cf8b1d91a8c4",
-   "dcf7bf4b-86b5-43ff-8e2a-cbd65385f9ee",
+   "a82b0c8e-a2be-4239-b06c-9a98c2c1ad71",
    "dbbf8b9c-9eeb-46a7-989c-dc7f1b6a1e7d",
-   "dba6d5d5-74bc-4abb-9010-0e7c1efc630d",
-   "da1f1a06-b54a-4266-aa91-bf9092b582e0",
-   "d8e57623-7f2f-43e6-8edb-51daf9765c00",
-   "d4dbc1fa-801c-4fde-9a80-6357c0bad41c",
-   "d212298c-77bb-4ae5-a065-2131bf885856",
-   "d1f56eee-442d-43b2-afdc-6246daec822a",
-   "d0b6e919-3389-4c4d-aa8a-63410bbd4fbc",
-   "cd5c0c0d-9fa3-4abf-9f73-c0fbe925280c",
-   "cc1d7382-ba8b-4927-ab5e-c1a5d7dee583",
-   "c7b72e5c-b9fc-499e-9799-9509f75a4260",
+   "65ba601a-3101-4b59-9eb6-fb567c01440c",
+   "8ae8577e-d46d-4c03-b7ea-08059c4d0cd0",
    "ba95983b-49f7-41ed-be6e-cebc7b6b166a",
-   "b947bbc6-a1dd-4c97-ac74-918cf5e9e50c",
-   "b0722895-3775-4ede-b1f9-12c8071df8ab",
-   "b068e2cc-4326-4454-8c32-df3466ba4b6d",
-   "ac6e16c7-e8f7-49e5-ab0b-a7a926685c41",
-   "ab54305d-1e92-4121-999b-59cbbc5ef684",
-   "aa3273ef-e626-4b61-b34b-f74fd524e15f",
-   "a82b0c8e-a2be-4239-b06c-9a98c2c1ad71",
-   "a79625a5-b906-47d1-aebc-7ded0551d9c2",
-   "a6c8ee9d-069f-4de1-bf1c-352b8b0f256e",
-   "a6c81f30-a710-4055-860b-c878b2f61eb9",
-   "a3f3a053-153a-41d3-b336-a4b0c1096f2e",
-   "a3f18611-e4b2-47d6-a57e-e104aa3cb7ce",
-   "a12e7741-a612-4e0e-96a0-afff6b9f73d5",
-   "9f89fb16-f093-44fe-b6b3-ebcc0234d39c",
-   "9f1830f6-34c2-4556-b884-8cc56d0e0805",
-   "95240ed1-71dd-4d6e-9b0f-fa2cb9c4c681",
-   "8c8d5469-0fb7-4597-a926-adf7318c4da9",
+   "4c32dd0d-24af-4856-ad1c-12ebe5be34c4",
+   "54acf10a-e542-4d2d-8a2d-da830c92a0c9",
+   "65d8049d-a3c3-462d-aa27-f180fc65572c",
+   "85654705-3834-46cd-9de3-71b8efa3e769",
    "8bde7bed-cce1-4fd1-9d67-644fd4db56f7",
-   "8ae8577e-d46d-4c03-b7ea-08059c4d0cd0",
-   "8ab1a45c-f539-4eab-89e8-8856f08eb1f8",
-   "88f9b39a-749a-4c28-b08b-ea2b93b03a9c",
-   "85654705-3834-46cd-9de3-71b8efa3e769",
+   "f9b7bf02-693b-46ad-aa98-b2a72f1f149a",
+   "250feac1-09be-4590-89d5-75e79d5fc0cc",
+   "6b962e7b-98b4-4f72-8e86-2adf791c6d0a",
+   "c7b72e5c-b9fc-499e-9799-9509f75a4260",
+   "370f637f-7618-47e8-a613-87e6b0fbbd9e",
+   "e5419ebb-510f-4176-b293-b22fe647763e",
+   "eb140477-5281-4475-ba7e-63aa10d4867f",
+   "3920e70b-475e-4b8d-b1e0-a1b375f94d58",
+   "4d137fec-121d-4608-b357-09c505b2ed86",
    "845f3145-a75c-4b9d-8e30-53204d8f17bc",
-   "82f05b30-5825-41bd-ac1f-58ec53546459",
-   "82463139-aef8-4a49-b284-96e396c6e62f",
+   "fd9abd0e-93fe-4f6e-b72f-3b8b9251256d",
    "7c1234e3-fd95-4659-9b40-3a461c42625e",
+   "26803d57-c952-4d8e-849f-53ca72b7d868",
+   "20c256e1-ced4-44d8-9d11-6fec70733b21",
+   "d1f56eee-442d-43b2-afdc-6246daec822a",
+   "8ab1a45c-f539-4eab-89e8-8856f08eb1f8",
+   "eff67250-4635-4db4-b7ee-c192debb878c",
+   "4ab45de0-3d0a-4125-b6db-5ffa5d00fc87",
+   "71b13766-1fd4-49db-a401-a50de87f2e34",
+   "126c8541-0a87-4a06-a386-bfdd27ee349c",
+   "2cd710a2-f10f-4673-baff-da3273f03516",
    "71b6ad53-5549-482f-93f2-f243896e0692",
-   "71b13766-1fd4-49db-a401-a50de87f2e34",
+   "fb3faa5a-2372-4693-b0f5-a23f80ba7452",
+   "3327ffd4-783a-4473-a2aa-6ef50abada20",
+   "a6c8ee9d-069f-4de1-bf1c-352b8b0f256e",
+   "002f65d6-1f6d-4674-a4ae-9b8eaea4861d",
+   "53ef4b17-e7a2-4198-bdb5-b60279c6f19e",
    "70862330-e323-443b-9d14-4f5ad3218a2a",
+   "4e2bc784-f8e1-48ec-97d5-98827f26a6f6",
+   "da1f1a06-b54a-4266-aa91-bf9092b582e0",
+   "88f9b39a-749a-4c28-b08b-ea2b93b03a9c",
+   "a12e7741-a612-4e0e-96a0-afff6b9f73d5",
+   "d4dbc1fa-801c-4fde-9a80-6357c0bad41c",
+   "a3f18611-e4b2-47d6-a57e-e104aa3cb7ce",
+   "9f1830f6-34c2-4556-b884-8cc56d0e0805",
+   "d8e57623-7f2f-43e6-8edb-51daf9765c00",
+   "82463139-aef8-4a49-b284-96e396c6e62f",
+   "b068e2cc-4326-4454-8c32-df3466ba4b6d",
+   "4547a1cc-7435-4a22-b26b-587c7319cf39",
+   "ea7e4386-cf5b-419d-92a0-2b433b24c523",
+   "82f05b30-5825-41bd-ac1f-58ec53546459",
+   "f045d6dd-c820-49b4-9e01-93e925d2e063",
+   "10b50ae5-d064-4e4c-9602-73cc9f786c59",
+   "471f20d2-e3ec-421d-ab00-ad6e27990296",
+   "3b2831e3-dbff-4588-be1e-c72cd2a9fce3",
+   "2535214b-a570-4dfb-a1a8-89df55b43bcd",
+   "27c75006-3749-4be4-ae22-225890da2943",
    "702fe05d-0f84-40fd-97ac-92e5212fd9e0",
-   "70029373-a905-4b37-bca6-c1a0e0badf4b",
-   "6b962e7b-98b4-4f72-8e86-2adf791c6d0a",
-   "65d8049d-a3c3-462d-aa27-f180fc65572c",
-   "65ba601a-3101-4b59-9eb6-fb567c01440c",
-   "625a1e92-3335-4baf-a129-5126e576f482",
-   "60ae9454-155d-48ae-ae12-d40f659f3951",
    "5f2cd9ed-5bfb-4321-bd78-3320ef920635",
+   "dcf7bf4b-86b5-43ff-8e2a-cbd65385f9ee",
+   "cd5c0c0d-9fa3-4abf-9f73-c0fbe925280c",
+   "ac6e16c7-e8f7-49e5-ab0b-a7a926685c41",
+   "41191b09-3590-4bdc-8b5b-bae9b5737f94",
+   "60ae9454-155d-48ae-ae12-d40f659f3951",
+   "95240ed1-71dd-4d6e-9b0f-fa2cb9c4c681",
+   "a6c81f30-a710-4055-860b-c878b2f61eb9",
+   "cc1d7382-ba8b-4927-ab5e-c1a5d7dee583",
    "5861ba93-4266-4bee-9135-78de86ff7b66",
-   "54acf10a-e542-4d2d-8a2d-da830c92a0c9",
-   "53ef4b17-e7a2-4198-bdb5-b60279c6f19e",
-   "4e2bc784-f8e1-48ec-97d5-98827f26a6f6",
-   "4d137fec-121d-4608-b357-09c505b2ed86",
-   "4c32dd0d-24af-4856-ad1c-12ebe5be34c4",
-   "4ab45de0-3d0a-4125-b6db-5ffa5d00fc87",
+   "a3f3a053-153a-41d3-b336-a4b0c1096f2e",
+   "055fecbe-fed9-4968-8a0b-c2c6fb91588c",
+   "e3aa6031-90a8-4109-b487-a80800218c89",
+   "e7479ba8-e0c3-4cf8-9e85-64dc229368a3",
+   "4465a8bb-662a-40f5-953d-60cd28928d59",
+   "a79625a5-b906-47d1-aebc-7ded0551d9c2",
+   "e800664a-badf-4621-9743-bc63cba4f75a",
+   "08a383d4-e6c8-477b-b7aa-6810301968dc",
    "4a1c0216-aa42-4363-904e-697ea8c87443",
-   "471f20d2-e3ec-421d-ab00-ad6e27990296",
-   "4626baa6-ad5d-4fb0-a71f-fa7d6661cdd5",
-   "4547a1cc-7435-4a22-b26b-587c7319cf39",
-   "4465a8bb-662a-40f5-953d-60cd28928d59",
-   "41191b09-3590-4bdc-8b5b-bae9b5737f94",
-   "3b2831e3-dbff-4588-be1e-c72cd2a9fce3",
-   "3920e70b-475e-4b8d-b1e0-a1b375f94d58",
-   "370f637f-7618-47e8-a613-87e6b0fbbd9e",
-   "36fa6924-444a-44f6-b06b-c87d09b878c0",
-   "34c42948-9e60-4faf-87a4-4aef87ef163f",
-   "3327ffd4-783a-4473-a2aa-6ef50abada20",
-   "2cd710a2-f10f-4673-baff-da3273f03516",
-   "2a0ae48b-fa17-48ec-9ede-a9f4408164dc",
-   "27c75006-3749-4be4-ae22-225890da2943",
-   "26803d57-c952-4d8e-849f-53ca72b7d868",
-   "2535214b-a570-4dfb-a1a8-89df55b43bcd",
-   "250feac1-09be-4590-89d5-75e79d5fc0cc",
+   "d212298c-77bb-4ae5-a065-2131bf885856",
+   "d0b6e919-3389-4c4d-aa8a-63410bbd4fbc",
    "23baf4eb-d78b-4559-8d70-b7d605c53712",
-   "236291ae-9baa-436f-9844-f9df42c3f851",
-   "20c256e1-ced4-44d8-9d11-6fec70733b21",
-   "1822b800-131a-481f-b54d-274061f7ba27",
-   "17f0bd70-d477-4ae8-a50d-27e64002a989",
-   "17301d90-9ceb-4514-986d-dc2717757448",
-   "126c8541-0a87-4a06-a386-bfdd27ee349c",
-   "10b50ae5-d064-4e4c-9602-73cc9f786c59",
-   "0ed811c1-2eb7-4565-903c-289a0e65af08",
-   "08a383d4-e6c8-477b-b7aa-6810301968dc",
-   "055fecbe-fed9-4968-8a0b-c2c6fb91588c",
-   "002f65d6-1f6d-4674-a4ae-9b8eaea4861d",
-   "ff5b616f-6ec6-48f1-a68a-ef3a9ebabc82",
-   "fa3b1bac-942e-447f-a59d-81679a6d42eb",
-   "f7427dcb-0bca-4843-a297-28bd8a1f9810",
+   "b0722895-3775-4ede-b1f9-12c8071df8ab",
+   "fe52900e-99bf-4a18-899a-a6d8631d50c2",
+   "dba6d5d5-74bc-4abb-9010-0e7c1efc630d",
+   "2a0ae48b-fa17-48ec-9ede-a9f4408164dc",
+   "f919ccd0-ba62-4704-ba29-198292ce1bb9",
+   "36fa6924-444a-44f6-b06b-c87d09b878c0",
+   "8c8d5469-0fb7-4597-a926-adf7318c4da9",
+   "1cba01ba-8f92-485d-a2ce-690fd62d8cc6",
+   "805d6fa9-44cc-4e29-a8f5-005312de688d",
+   "4c259cbb-f6b4-4ff8-ad72-161d915da869",
+   "4cf6bd91-3c94-41ac-af44-f59ee9160a43",
+   "87f93e43-364b-418a-a7ec-2bb5b7ce1f4a",
+   "82c71b83-14c5-4cd7-bd1d-cdfae930fae8",
+   "d21609d8-2403-4484-ad97-0b66274e24f4",
+   "678c4f4d-8132-4eef-90ac-7159f511650e",
+   "373f78c3-023f-435e-a1ae-94bfb33f804d",
+   "1a6e1842-512e-41c3-955b-9fb2accd23a1",
+   "44db94b8-00c8-4a07-8dbb-91805aa71a1e",
+   "d9744666-c7d5-423a-be54-c97402e4a94b",
+   "e434cda9-51aa-463d-b52e-462740e3ef4f",
+   "6da33695-0260-466d-95fb-3ac68ebc8d8d",
    "f6f636cc-ef9e-469a-9be5-430fb7808b93",
-   "ecafa1dc-b6cb-4561-9dad-bb3fadd6463a",
-   "ebdd0276-5280-40fd-a726-0600ca741757",
-   "e8091228-5cb0-4312-a043-d4b2969525cc",
+   "80481a60-23ae-43e4-b354-87b038a33a93",
+   "9d083813-3bb3-4046-a5e1-0e5bc07b74bd",
+   "fa3b1bac-942e-447f-a59d-81679a6d42eb",
    "e7669a12-b58a-4701-83a2-3d114def0b8b",
-   "e434cda9-51aa-463d-b52e-462740e3ef4f",
-   "dfff7797-0c80-4e66-b55b-1057b8c0d1d4",
-   "dfefdc60-774d-42a9-8cef-8f9de2d09977",
-   "dfaa453a-b31a-4316-947a-6c8b36674b3d",
-   "dcfbee5d-5452-4ed2-9b87-6ec2c4746392",
-   "db53e9da-7c9a-4caf-802c-d4c58825879a",
-   "daf6d50f-5ce2-4794-a5e8-76d763ede8f7",
-   "dad54455-9a81-4688-8d39-10065586dc73",
-   "dabc6b25-f74b-4dd2-86cb-2ec68acb4006",
+   "8716e6ef-fa29-4e2b-aa79-f8e4e6b6dbb4",
    "da015cfd-ebeb-4abd-8a9a-1581c32fb3dd",
-   "d9744666-c7d5-423a-be54-c97402e4a94b",
+   "ada4001b-c729-4d4f-9582-1e6ee30d6e4e",
+   "8af9b2f5-03eb-43f7-9b79-064d928b4ceb",
+   "903721c6-6464-41df-8583-46ea08a20d79",
+   "2ba0a3b4-3d47-45bc-8859-6e68a85dff95",
+   "e8091228-5cb0-4312-a043-d4b2969525cc",
+   "3ef06864-253f-4f20-a47f-daacc2f8f1f9",
+   "1fd3f981-27b1-43a9-bbc6-2190f5f558f2",
+   "2fb076c6-ac68-4a57-ba76-f61fa02c7415",
+   "250de122-bc1f-437f-b302-08f06685c226",
+   "7173308e-5737-4879-bbcc-62fa75b21707",
    "d4949abe-8d84-47a0-9cda-758a20b19330",
-   "d21609d8-2403-4484-ad97-0b66274e24f4",
+   "dfaa453a-b31a-4316-947a-6c8b36674b3d",
+   "cc5f0ccb-9d11-4c5b-a330-acfbe5f00066",
+   "42ddc7e8-a4b7-4fb4-9ec5-57d7fee0a58e",
+   "39bddfe0-8fb2-4147-9d01-65fa25f59844",
+   "4a2fb80e-ad18-411d-b338-603c900521d8",
+   "1da63556-d0ce-4bfe-991c-2565021dd76f",
+   "dcfbee5d-5452-4ed2-9b87-6ec2c4746392",
+   "5acecc22-838f-4309-84cf-20fe326c661b",
    "cdf74225-4134-43b9-8924-e2b09dfd4ba8",
-   "ccf15e29-5426-4ef3-bd01-df7a2ed14a82",
-   "cc5f0ccb-9d11-4c5b-a330-acfbe5f00066",
-   "c5847eef-692e-4b39-a881-dcc3337d522c",
+   "65de2b9e-d0e7-486e-8127-747ab7ddaf76",
+   "5f3aef4f-df0c-4e12-b392-332d3a6c83ab",
+   "043af9fe-2dc7-4c1b-a851-12c14b9ac6ed",
+   "83089e5d-c8bf-4a74-8947-07e5c7cc24fe",
    "c3958c36-3710-4b40-b6e1-6a0a0a0272e6",
-   "c2ca56c4-baaf-496a-a7e3-9266c6dd9f1c",
-   "c1bc0475-3af6-4789-9336-f3389da241e2",
+   "4e723453-adb4-4ba3-96ae-9926d5b6a42b",
+   "a47ca0c3-70d6-4396-af75-d58629a0545c",
    "b3a3a060-3592-4169-880b-30fb729bdef4",
+   "0ad56ef6-caf4-45e5-a1d5-378a81064226",
+   "3bc685b8-906f-4fab-ae53-4f7a22f88bf7",
+   "42a0372c-7086-41c6-9434-e8ab8fada92c",
+   "96b5b7d7-63ee-4ef8-9bbf-c6769a34a624",
    "b0beacc9-e831-4ef4-ab80-13b251127b9b",
-   "ada4001b-c729-4d4f-9582-1e6ee30d6e4e",
+   "0e95479d-144b-4fe3-9c83-1a08a9dd927d",
+   "2037dbb6-caad-4711-84e7-34199e4146ac",
+   "445f52c5-c778-4e7e-a518-fa5f8d0a4498",
+   "6fa2937a-6eac-4733-8532-0912202c7760",
+   "c1bc0475-3af6-4789-9336-f3389da241e2",
+   "8ca35838-c931-4509-87f2-8264e228c96e",
+   "58099567-8400-4624-95cd-e183bf39923e",
+   "ff5b616f-6ec6-48f1-a68a-ef3a9ebabc82",
+   "ebdd0276-5280-40fd-a726-0600ca741757",
+   "4cdd3348-0704-4e70-894d-c29a6697236a",
+   "355eec22-e938-4468-9386-0ed6d24367e3",
+   "db53e9da-7c9a-4caf-802c-d4c58825879a",
+   "07acd717-f8ba-476d-8692-fe44318e279c",
+   "098a090e-d655-4308-96ac-f424138474f5",
    "ad41f794-9264-4f52-ad82-640a973c54dc",
+   "461ed094-ba2d-4a1c-9354-227eb1ef7ac0",
+   "59bd4a04-f462-4fcc-84d4-f87143a4abbc",
+   "c2ca56c4-baaf-496a-a7e3-9266c6dd9f1c",
    "a4992ba1-7948-49f8-b7c9-f3399e2156a2",
-   "a47ca0c3-70d6-4396-af75-d58629a0545c",
-   "a3554c71-fc45-4096-9ae4-f0d22d497a58",
-   "9d083813-3bb3-4046-a5e1-0e5bc07b74bd",
-   "96b5b7d7-63ee-4ef8-9bbf-c6769a34a624",
+   "ccf15e29-5426-4ef3-bd01-df7a2ed14a82",
+   "c5847eef-692e-4b39-a881-dcc3337d522c",
    "9437001c-693c-4a5d-a00d-92793d13f669",
-   "903721c6-6464-41df-8583-46ea08a20d79",
-   "8f806234-06f7-41a0-9cfe-0f17e1ae1f4c",
-   "8ca35838-c931-4509-87f2-8264e228c96e",
+   "10663660-94a5-4ce5-a33e-f3a1bd628f55",
+   "728b5111-cfe2-4712-9a89-8bcc179338f0",
+   "05f8c749-040d-4590-a6ef-0c021e652e41",
+   "f7427dcb-0bca-4843-a297-28bd8a1f9810",
+   "dfff7797-0c80-4e66-b55b-1057b8c0d1d4",
+   "6abd7e38-e246-4fa9-b71c-dc417219cbab",
+   "2edd6174-ba1a-48c4-b0bc-05b68b01c9cf",
+   "4ab22b53-0f5c-4c0d-b2c7-6cced76d1e15",
+   "dfefdc60-774d-42a9-8cef-8f9de2d09977",
+   "5502dc00-cf9a-4f4d-9eaf-47b072b50d7a",
+   "62dd21bb-a34b-4634-ad6a-8f48197b77e7",
    "8b2a318a-fad0-41b3-a0e2-02e8fdda3fef",
-   "8af9b2f5-03eb-43f7-9b79-064d928b4ceb",
-   "87f93e43-364b-418a-a7ec-2bb5b7ce1f4a",
-   "8716e6ef-fa29-4e2b-aa79-f8e4e6b6dbb4",
-   "83089e5d-c8bf-4a74-8947-07e5c7cc24fe",
-   "82c71b83-14c5-4cd7-bd1d-cdfae930fae8",
-   "805d6fa9-44cc-4e29-a8f5-005312de688d",
-   "80481a60-23ae-43e4-b354-87b038a33a93",
-   "79fc2908-c856-4b54-b49e-bea12096d56f",
-   "76bcbcc7-b8e6-4105-8266-6b30e748cf31",
-   "75d5c892-278d-4809-97da-d99ae9297308",
    "73bba14c-86e4-44f6-afaf-1543273d34dd",
-   "728b5111-cfe2-4712-9a89-8bcc179338f0",
-   "7173308e-5737-4879-bbcc-62fa75b21707",
-   "6fa2937a-6eac-4733-8532-0912202c7760",
-   "6da33695-0260-466d-95fb-3ac68ebc8d8d",
-   "6abd7e38-e246-4fa9-b71c-dc417219cbab",
-   "678c4f4d-8132-4eef-90ac-7159f511650e",
    "66d09393-d52c-43e7-9bc3-ea763c940852",
-   "65de2b9e-d0e7-486e-8127-747ab7ddaf76",
+   "daf6d50f-5ce2-4794-a5e8-76d763ede8f7",
+   "060369bb-f3c6-48e0-b163-035675135fa9",
+   "76bcbcc7-b8e6-4105-8266-6b30e748cf31",
    "656da0d9-f471-45f4-b9c8-603932e1e95c",
-   "62dd21bb-a34b-4634-ad6a-8f48197b77e7",
-   "5f3aef4f-df0c-4e12-b392-332d3a6c83ab",
-   "5acecc22-838f-4309-84cf-20fe326c661b",
-   "59bd4a04-f462-4fcc-84d4-f87143a4abbc",
-   "58099567-8400-4624-95cd-e183bf39923e",
-   "5502dc00-cf9a-4f4d-9eaf-47b072b50d7a",
-   "4e723453-adb4-4ba3-96ae-9926d5b6a42b",
-   "4cf6bd91-3c94-41ac-af44-f59ee9160a43",
-   "4cdd3348-0704-4e70-894d-c29a6697236a",
-   "4c259cbb-f6b4-4ff8-ad72-161d915da869",
-   "4ab22b53-0f5c-4c0d-b2c7-6cced76d1e15",
-   "4a2fb80e-ad18-411d-b338-603c900521d8",
-   "461ed094-ba2d-4a1c-9354-227eb1ef7ac0",
-   "44db94b8-00c8-4a07-8dbb-91805aa71a1e",
-   "445f52c5-c778-4e7e-a518-fa5f8d0a4498",
-   "42ddc7e8-a4b7-4fb4-9ec5-57d7fee0a58e",
-   "42a0372c-7086-41c6-9434-e8ab8fada92c",
-   "3ef06864-253f-4f20-a47f-daacc2f8f1f9",
-   "3bc685b8-906f-4fab-ae53-4f7a22f88bf7",
-   "39bddfe0-8fb2-4147-9d01-65fa25f59844",
-   "373f78c3-023f-435e-a1ae-94bfb33f804d",
-   "355eec22-e938-4468-9386-0ed6d24367e3",
-   "2fb076c6-ac68-4a57-ba76-f61fa02c7415",
-   "2edd6174-ba1a-48c4-b0bc-05b68b01c9cf",
-   "2ba0a3b4-3d47-45bc-8859-6e68a85dff95",
-   "250de122-bc1f-437f-b302-08f06685c226",
-   "2037dbb6-caad-4711-84e7-34199e4146ac",
-   "1fd3f981-27b1-43a9-bbc6-2190f5f558f2",
-   "1da63556-d0ce-4bfe-991c-2565021dd76f",
-   "1cba01ba-8f92-485d-a2ce-690fd62d8cc6",
-   "1a6e1842-512e-41c3-955b-9fb2accd23a1",
-   "10663660-94a5-4ce5-a33e-f3a1bd628f55",
-   "0e95479d-144b-4fe3-9c83-1a08a9dd927d",
-   "0ad56ef6-caf4-45e5-a1d5-378a81064226",
+   "75d5c892-278d-4809-97da-d99ae9297308",
+   "79fc2908-c856-4b54-b49e-bea12096d56f",
+   "8f806234-06f7-41a0-9cfe-0f17e1ae1f4c",
+   "dad54455-9a81-4688-8d39-10065586dc73",
    "0a171b70-6209-40dd-b718-7e7f1bc31e3d",
-   "098a090e-d655-4308-96ac-f424138474f5",
-   "07cf2d6f-2259-4d16-8883-ac214194725d",
-   "07acd717-f8ba-476d-8692-fe44318e279c",
-   "060369bb-f3c6-48e0-b163-035675135fa9",
-   "05f8c749-040d-4590-a6ef-0c021e652e41",
-   "043af9fe-2dc7-4c1b-a851-12c14b9ac6ed",
+   "a3554c71-fc45-4096-9ae4-f0d22d497a58",
  ]

 ❯ ../../private/tmp/acorn-unit11-before/src/server/routes/sessionPagination.test.ts:57:18
     55|       params.set('cursor', page.nextCursor)
     56|     } while (seen.length <= ids.length)
     57|     expect(seen).toEqual([...ids.slice(103).sort().reverse(), ...ids.s…
       |                  ^
     58|     expect(new Set(seen).size).toBe(205)
     59|   })

⎯⎯⎯⎯⎯⎯⎯⎯⎯⎯⎯⎯⎯⎯⎯⎯⎯⎯⎯⎯⎯⎯⎯[3/11]⎯

 FAIL  src/server/routes/sessionPagination.test.ts > session roster pagination through the managed route > seeks from encoded values after the anchor is deleted and preserves scoped filters
AssertionError: expected [ …(5) ] to deeply equal [ …(5) ]

- Expected
+ Received

  [
-   "f496de14-8520-4c00-ae10-d73a682625eb",
-   "f35ba246-7f02-4eca-a076-22f55d4bc2ec",
-   "f2ad6224-29b7-45b9-ae04-52c6173d198e",
-   "eded002d-2889-47f4-a2f7-bcc863fc2bf8",
-   "ed85503b-c24c-4a08-826c-cd2f130c8caa",
+   "17690bb7-99a9-44ff-ae37-ba25a3cb9644",
+   "08c67f6d-7cdd-4d47-b32a-bb09d44c5846",
+   "f73ffadd-1a9d-46b1-a251-cda1b5aab71c",
+   "e1e5f737-0ce5-4df3-8aeb-b296fd9317d6",
+   "9b665d84-6aed-41ea-9c5c-ba3d5862c23c",
  ]

 ❯ ../../private/tmp/acorn-unit11-before/src/server/routes/sessionPagination.test.ts:73:58
     71|     const second = await read(params)
     72|     const expected = ids.slice(103).sort().reverse()
     73|     expect(second.sessions.map((session) => session.id)).toEqual(expec…
       |                                                          ^
     74|     expect(ctx.core.tasks.idsForWorkspace).toHaveBeenCalledWith(worksp…
     75|   })

⎯⎯⎯⎯⎯⎯⎯⎯⎯⎯⎯⎯⎯⎯⎯⎯⎯⎯⎯⎯⎯⎯⎯[4/11]⎯

 FAIL  src/server/routes/sessionPagination.test.ts > session roster pagination through the managed route > retains numeric cursor compatibility and rejects malformed or unnegotiated tuples
AssertionError: expected '1000' to match /^v1:1000:/

- Expected:
/^v1:1000:/

+ Received:
"1000"

 ❯ ../../private/tmp/acorn-unit11-before/src/server/routes/sessionPagination.test.ts:84:44
     82|     expect((await read(legacy)).sessions.every((session) => session.up…
     83|     const opted = query(5); opted.set('cursor', '2000')
     84|     expect((await read(opted)).nextCursor).toMatch(/^v1:1000:/)
       |                                            ^
     85|     for (const cursor of [`v1:2000:${ids[0]}`, 'v1:NaN:x', 'v1:9007199…
     86|       const params = new URLSearchParams({ taskId, cursor })

⎯⎯⎯⎯⎯⎯⎯⎯⎯⎯⎯⎯⎯⎯⎯⎯⎯⎯⎯⎯⎯⎯⎯[5/11]⎯

 FAIL  src/server/usage/claudeDailyUsage.test.ts > analyzeClaudeDailyUsage > includes 200,000 compact accepted records without skipping the file
AssertionError: expected 1 to be +0 // Object.is equality

- Expected
+ Received

- 0
+ 1

 ❯ ../../private/tmp/acorn-unit11-before/src/server/usage/claudeDailyUsage.test.ts:161:37
    159|     await writeFile(join(project, 'compact.jsonl'), line.repeat(200_00…
    160|     const report = await analyzeClaudeDailyUsage(root, now)
    161|     expect(report.skippedFileCount).toBe(0)
       |                                     ^
    162|     expect(report.today.sessionCount).toBe(1)
    163|     expect(report.today.unpricedModels).toEqual(['x'])

⎯⎯⎯⎯⎯⎯⎯⎯⎯⎯⎯⎯⎯⎯⎯⎯⎯⎯⎯⎯⎯⎯⎯[6/11]⎯

 FAIL  src/server/sessions/runtimeProviders.test.ts > the providers answer > invalidates same-ID replacement and does not join or cache its superseded wave
AssertionError: expected [] to have a length of 1 but got +0

- Expected
+ Received

- 1
+ 0

 ❯ ../../private/tmp/acorn-unit11-before/src/server/sessions/runtimeProviders.test.ts:122:56
    120|     registry.registerNative('fake', () => replacement)
    121|     const fresh = runtime.providers()
    122|     await vi.waitFor(() => expect(replacement.pending).toHaveLength(1))
       |                                                        ^
    123|     replacement.answer()
    124|     const descriptors = await fresh

⎯⎯⎯⎯⎯⎯⎯⎯⎯⎯⎯⎯⎯⎯⎯⎯⎯⎯⎯⎯⎯⎯⎯[7/11]⎯

 FAIL  src/server/sessions/runtimeQueue.test.ts > durable queue admission > acknowledges 20 public enqueues during startup and starts only admitted providers
AssertionError: expected [ { …(8) }, { …(8) }, { …(8) }, …(17) ] to have a length of 1 but got 20

- Expected
+ Received

- 1
+ 20

 ❯ ../../private/tmp/acorn-unit11-before/src/server/sessions/runtimeQueue.test.ts:70:43
     68|     const sessions = await Promise.all(Array.from({ length: 20 }, sess…
     69|     const turns = await Promise.all(sessions.map((item) => enqueue(ite…
     70|     await vi.waitFor(() => expect(starts).toHaveLength(1))
       |                                           ^
     71|     expect(runtime.counts()).toEqual({ active: 0, reserved: 1 })
     72|     expect(turns.every((turn) => turn.status === 'queued')).toBe(true)

⎯⎯⎯⎯⎯⎯⎯⎯⎯⎯⎯⎯⎯⎯⎯⎯⎯⎯⎯⎯⎯⎯⎯[8/11]⎯

 FAIL  src/server/sessions/runtimeQueue.test.ts > durable queue admission > joins cancellation to a late startup handle and releases admission for the next head
AssertionError: expected false to be true // Object.is equality

- Expected
+ Received

- true
+ false

 ❯ ../../private/tmp/acorn-unit11-before/src/server/sessions/runtimeQueue.test.ts:86:63
     84|     let cancelled = false
     85|     const cancelling = runtime.cancelTurn(item.id, first.id).then(() =…
     86|     await vi.waitFor(() => expect(starts[0]!.signal?.aborted).toBe(tru…
       |                                                               ^
     87|     expect(cancelled).toBe(false)
     88|     held.resolve()

⎯⎯⎯⎯⎯⎯⎯⎯⎯⎯⎯⎯⎯⎯⎯⎯⎯⎯⎯⎯⎯⎯⎯[9/11]⎯

 FAIL  src/server/sessions/runtimeQueue.test.ts > durable queue admission > rechecks cancellation after a held workspace read before starting any provider
AssertionError: expected [ { …(8) } ] to have a length of +0 but got 1

- Expected
+ Received

- 0
+ 1

 ❯ ../../private/tmp/acorn-unit11-before/src/server/sessions/runtimeQueue.test.ts:104:20
    102|     workspace.resolve('workspace')
    103|     await new Promise((resolve) => setImmediate(resolve))
    104|     expect(starts).toHaveLength(0)
       |                    ^
    105|     expect(sends).toHaveLength(0)
    106|   })

⎯⎯⎯⎯⎯⎯⎯⎯⎯⎯⎯⎯⎯⎯⎯⎯⎯⎯⎯⎯⎯⎯[10/11]⎯

 FAIL  src/server/sessions/runtimeQueue.test.ts > durable queue admission > records startup failure against the accepted turn and admits another session
AssertionError: expected false to be true // Object.is equality

- Expected
+ Received

- true
+ false

 ❯ ../../private/tmp/acorn-unit11-before/src/server/sessions/runtimeQueue.test.ts:159:117
    157|       expect(sessions.map((snapshot) => snapshot.session.runtimeState)…
    158|       expect(stored.map((turn) => turn?.status)).toEqual(['queued', 'q…
    159|       expect(sessions[0]?.events.some((record) => record.turnId === tu…
       |                                                                                                                     ^
    160|     })
    161|     expect(runtime.counts()).toEqual({ active: 0, reserved: 0 })

⎯⎯⎯⎯⎯⎯⎯⎯⎯⎯⎯⎯⎯⎯⎯⎯⎯⎯⎯⎯⎯⎯[11/11]⎯


 Test Files  4 failed (4)
      Tests  11 failed | 20 passed (31)
   Start at  12:56:47
   Duration  9.91s (transform 1.75s, setup 0ms, import 3.34s, tests 6.22s, environment 0ms)

undefined
/Users/jamesmacfie/Source/acorn/apps/node/.acorn/worktrees/jamesmacfie-acorn-performance/plugins/agents:
 ERR_PNPM_RECURSIVE_EXEC_FIRST_FAIL  Command failed with exit code 1: vitest run --config /tmp/acorn-unit11-before/vitest.config.ts --root /tmp/acorn-unit11-before src/server/sessions/runtimeQueue.test.ts src/server/sessions/runtimeProviders.test.ts src/server/routes/sessionPagination.test.ts src/server/usage/claudeDailyUsage.test.ts
