
 RUN  v4.1.11 /Users/jamesmacfie/Source/acorn/apps/node/.acorn/worktrees/jamesmacfie-acorn-performance/plugins/agents

 ❯ |logic| src/server/usage/processRunner.test.ts (9 tests | 1 failed | 8 skipped) 9ms
     × retires after a prompt write fails and leaves no capture timers 8ms

⎯⎯⎯⎯⎯⎯⎯ Failed Tests 1 ⎯⎯⎯⎯⎯⎯⎯

 FAIL  |logic| src/server/usage/processRunner.test.ts > capturePty > retires after a prompt write fails and leaves no capture timers
AssertionError: expected 1 to be +0 // Object.is equality

- Expected
+ Received

- 0
+ 1

 ❯ src/server/usage/processRunner.test.ts:119:32
    117|     await rejection
    118|     expect(pty.killCount).toBe(1)
    119|     expect(vi.getTimerCount()).toBe(0)
       |                                ^
    120|   })
    121|

⎯⎯⎯⎯⎯⎯⎯⎯⎯⎯⎯⎯⎯⎯⎯⎯⎯⎯⎯⎯⎯⎯⎯⎯[1/1]⎯


 Test Files  1 failed (1)
      Tests  1 failed | 8 skipped (9)
   Start at  12:11:05
   Duration  232ms (transform 34ms, setup 0ms, import 61ms, tests 9ms, environment 0ms)

undefined
/Users/jamesmacfie/Source/acorn/apps/node/.acorn/worktrees/jamesmacfie-acorn-performance/plugins/agents:
 ERR_PNPM_RECURSIVE_EXEC_FIRST_FAIL  Command failed with exit code 1: vitest run src/server/usage/processRunner.test.ts -t 'prompt write fails'
