
 RUN  v4.1.11 /tmp/acorn-unit10-before

 ❯ plugins/agents/src/server/sessions/runtimeStartup.test.ts (7 tests | 1 failed | 6 skipped) 1034ms
     × joins callers during the first task read and starts one provider 1033ms

⎯⎯⎯⎯⎯⎯⎯ Failed Tests 1 ⎯⎯⎯⎯⎯⎯⎯

 FAIL  plugins/agents/src/server/sessions/runtimeStartup.test.ts > managed startup generations > joins callers during the first task read and starts one provider
AssertionError: expected "requireRoot" to be called 1 times, but got 2 times
 ❯ ../../private/tmp/acorn-unit10-before/plugins/agents/src/server/sessions/runtimeStartup.test.ts:61:59
     59|     const a = engine.connect(session)
     60|     const b = engine.connect(session)
     61|     await vi.waitFor(() => expect(core.tasks.requireRoot).toHaveBeenCa…
       |                                                           ^
     62|     cwd.resolve(plugin.dataDir)
     63|     expect(await a).toBe(await b)

⎯⎯⎯⎯⎯⎯⎯⎯⎯⎯⎯⎯⎯⎯⎯⎯⎯⎯⎯⎯⎯⎯⎯⎯[1/1]⎯


 Test Files  1 failed (1)
      Tests  1 failed | 6 skipped (7)
   Start at  12:01:39
   Duration  2.72s (transform 1.00s, setup 0ms, import 1.59s, tests 1.03s, environment 0ms)

undefined
/Users/jamesmacfie/Source/acorn/apps/node/.acorn/worktrees/jamesmacfie-acorn-performance/plugins/agents:
 ERR_PNPM_RECURSIVE_EXEC_FIRST_FAIL  Command failed with exit code 1: vitest run --config /tmp/acorn-unit10-before/vitest.config.ts -t 'joins callers during the first task read'
