
 RUN  v4.1.11 /tmp/acorn-unit13-before/plugins/agents

 ❯ src/server/sessions/sessionExecute.test.ts (15 tests | 2 failed | 13 skipped) 3403ms
       × captures results beyond 501 events and parses a JSON token across pages 1416ms
       × captures results beyond 2001 events and parses a JSON token across pages 1985ms

⎯⎯⎯⎯⎯⎯⎯ Failed Tests 2 ⎯⎯⎯⎯⎯⎯⎯

 FAIL  src/server/sessions/sessionExecute.test.ts > agents.sessionExecute config options > complete workflow capture > captures results beyond 501 events and parses a JSON token across pages
 FAIL  src/server/sessions/sessionExecute.test.ts > agents.sessionExecute config options > complete workflow capture > captures results beyond 2001 events and parses a JSON token across pages
AssertionError: expected 'malformed' to be 'ok' // Object.is equality

Expected: "ok"
Received: "malformed"

 ❯ ../../../../private/tmp/acorn-unit13-before/plugins/agents/src/server/sessions/sessionExecute.test.ts:329:30
    327|       const result = await run({ onEvent: (event) => streamed.push(eve…
    328|         schema: { type: 'object', properties: { answer: { type: 'strin…
    329|       expect(result?.status).toBe('ok')
       |                              ^
    330|       expect(result?.capture.result).toBe(expected)
    331|       expect(result?.capture.structuredOutput).toEqual({ answer: 'x'.r…

⎯⎯⎯⎯⎯⎯⎯⎯⎯⎯⎯⎯⎯⎯⎯⎯⎯⎯⎯⎯⎯⎯⎯⎯[1/2]⎯


 Test Files  1 failed (1)
      Tests  2 failed | 13 skipped (15)
   Start at  19:18:05
   Duration  4.68s (transform 764ms, setup 0ms, import 1.20s, tests 3.40s, environment 0ms)

